 
****************************************
Report : area
Design : cpu_interface
Version: S-2021.06-SP4
Date   : Fri Sep 25 10:03:54 2026
****************************************

Library(s) Used:

    saed32lvt_ss0p75v25c (File: /fetools/work_area/frontend/SAED32_EDK/lib/stdcell_lvt/db_nldm/saed32lvt_ss0p75v25c.db)

Number of ports:                          422
Number of nets:                         11228
Number of cells:                        10282
Number of combinational cells:           7999
Number of sequential cells:              2281
Number of macros/black boxes:               0
Number of buf/inv:                        700
Number of references:                      26

Combinational area:              20489.597522
Buf/Inv area:                      987.603585
Noncombinational area:           15473.812005
Macro/Black Box area:                0.000000
Net Interconnect area:           16278.711448

Total cell area:                 35963.409528
Total area:                      52242.120976
1
