 
****************************************
Report : qor
Design : cpu_interface
Version: S-2021.06-SP4
Date   : Fri Sep 25 10:03:30 2026
****************************************


  Timing Path Group 'fast_clk'
  -----------------------------------
  Levels of Logic:              49.00
  Critical Path Length:          6.34
  Critical Path Slack:           0.16
  Critical Path Clk Period:      6.67
  Total Negative Slack:          0.00
  No. of Violating Paths:        0.00
  Worst Hold Violation:          0.00
  Total Hold Violation:          0.00
  No. of Hold Violations:        0.00
  -----------------------------------

  Timing Path Group 'slow_clk'
  -----------------------------------
  Levels of Logic:               4.00
  Critical Path Length:          0.64
  Critical Path Slack:           6.27
  Critical Path Clk Period:     14.29
  Total Negative Slack:          0.00
  No. of Violating Paths:        0.00
  Worst Hold Violation:          0.00
  Total Hold Violation:          0.00
  No. of Hold Violations:        0.00
  -----------------------------------


  Cell Count
  -----------------------------------
  Hierarchical Cell Count:          2
  Hierarchical Port Count:        293
  Leaf Cell Count:              10280
  Buf/Inv Cell Count:             700
  Buf Cell Count:                  43
  Inv Cell Count:                 657
  CT Buf/Inv Cell Count:            0
  Combinational Cell Count:      7999
  Sequential Cell Count:         2281
  Macro Count:                      0
  -----------------------------------


  Area
  -----------------------------------
  Combinational Area:    20489.597522
  Noncombinational Area: 15473.812005
  Buf/Inv Area:            987.603585
  Total Buffer Area:            94.80
  Total Inverter Area:         892.81
  Macro/Black Box Area:      0.000000
  Net Area:              16278.711448
  -----------------------------------
  Cell Area:             35963.409528
  Design Area:           52242.120976


  Design Rules
  -----------------------------------
  Total Number of Nets:         10935
  Nets With Violations:             0
  Max Trans Violations:             0
  Max Cap Violations:               0
  -----------------------------------


  Hostname: feserver.mirafra.com

  Compile CPU Statistics
  -----------------------------------------
  Resource Sharing:                    3.08
  Logic Optimization:                  4.13
  Mapping Optimization:               19.32
  -----------------------------------------
  Overall Compile Time:               75.20
  Overall Compile Wall Clock Time:    78.25

  --------------------------------------------------------------------

  Design  WNS: 0.00  TNS: 0.00  Number of Violating Paths: 0


  Design (Hold)  WNS: 0.00  TNS: 0.00  Number of Violating Paths: 0

  --------------------------------------------------------------------


1
