 
****************************************
Report : area
Design : cpu_interface
Version: S-2021.06-SP4
Date   : Wed Sep 30 11:19:56 2026
****************************************

Information: Updating design information... (UID-85)
Warning: Design 'cpu_interface' contains 1 high-fanout nets. A fanout number of 1000 will be used for delay calculations involving these nets. (TIM-134)
Library(s) Used:

    saed32lvt_ss0p75v25c (File: /fetools/work_area/frontend/SAED32_EDK/lib/stdcell_lvt/db_nldm/saed32lvt_ss0p75v25c.db)

Number of ports:                          422
Number of nets:                         12154
Number of cells:                        11201
Number of combinational cells:           8884
Number of sequential cells:              2315
Number of macros/black boxes:               0
Number of buf/inv:                        661
Number of references:                      26

Combinational area:              22770.539916
Buf/Inv area:                      973.625662
Noncombinational area:           15715.757097
Macro/Black Box area:                0.000000
Net Interconnect area:           18031.263852

Total cell area:                 38486.297013
Total area:                      56517.560865
1
