 
****************************************
Report : timing
        -path full
        -delay max
        -max_paths 10
Design : cpu_interface
Version: S-2021.06-SP4
Date   : Fri Sep 25 09:31:08 2026
****************************************

 # A fanout number of 1000 was used for high fanout net computations.

Operating Conditions: ss0p75v25c   Library: saed32lvt_ss0p75v25c
Wire Load Model Mode: enclosed

  Startpoint: u_cpu_core/instruction_reg_reg[17]
              (rising edge-triggered flip-flop clocked by fast_clk)
  Endpoint: u_cpu_core/R_reg[5][31]
            (rising edge-triggered flip-flop clocked by fast_clk)
  Path Group: fast_clk
  Path Type: max

  Des/Clust/Port     Wire Load Model       Library
  ------------------------------------------------
  cpu_interface      70000                 saed32lvt_ss0p75v25c
  cpu_core_PROG_ADDR_WIDTH12_DATA_ADDR_WIDTH14_DATA_WIDTH32
                     35000                 saed32lvt_ss0p75v25c

  Point                                                   Incr       Path
  --------------------------------------------------------------------------
  clock fast_clk (rise edge)                              0.00       0.00
  clock network delay (ideal)                             0.00       0.00
  u_cpu_core/instruction_reg_reg[17]/CLK (DFFARX1_LVT)
                                                          0.00 #     0.00 r
  u_cpu_core/instruction_reg_reg[17]/Q (DFFARX1_LVT)      0.22       0.22 f
  u_cpu_core/U50/Y (AND4X1_LVT)                           0.14       0.36 f
  u_cpu_core/U97/Y (INVX0_LVT)                            0.08       0.44 r
  u_cpu_core/U98/Y (INVX0_LVT)                            0.07       0.50 f
  u_cpu_core/U1103/Y (AO22X1_LVT)                         0.13       0.63 f
  u_cpu_core/U1107/Y (NOR4X1_LVT)                         0.20       0.83 r
  u_cpu_core/U1108/Y (AND2X1_LVT)                         0.13       0.96 r
  u_cpu_core/U378/Y (INVX0_LVT)                           0.08       1.04 f
  u_cpu_core/U419/Y (INVX0_LVT)                           0.15       1.20 r
  u_cpu_core/U420/Y (INVX0_LVT)                           0.12       1.31 f
  u_cpu_core/U2994/C1 (HADDX1_LVT)                        0.14       1.45 f
  u_cpu_core/U3087/CO (FADDX1_LVT)                        0.12       1.57 f
  u_cpu_core/U3086/CO (FADDX1_LVT)                        0.12       1.69 f
  u_cpu_core/U3085/CO (FADDX1_LVT)                        0.12       1.82 f
  u_cpu_core/U3084/CO (FADDX1_LVT)                        0.13       1.94 f
  u_cpu_core/U3092/CO (FADDX1_LVT)                        0.13       2.07 f
  u_cpu_core/U3091/CO (FADDX1_LVT)                        0.13       2.19 f
  u_cpu_core/U3090/CO (FADDX1_LVT)                        0.13       2.32 f
  u_cpu_core/U3089/CO (FADDX1_LVT)                        0.12       2.44 f
  u_cpu_core/U3077/CO (FADDX1_LVT)                        0.12       2.57 f
  u_cpu_core/U3076/CO (FADDX1_LVT)                        0.12       2.69 f
  u_cpu_core/U3075/CO (FADDX1_LVT)                        0.13       2.83 f
  u_cpu_core/U3074/CO (FADDX1_LVT)                        0.12       2.95 f
  u_cpu_core/U3082/CO (FADDX1_LVT)                        0.12       3.07 f
  u_cpu_core/U3081/CO (FADDX1_LVT)                        0.13       3.20 f
  u_cpu_core/U3080/CO (FADDX1_LVT)                        0.12       3.32 f
  u_cpu_core/U3079/CO (FADDX1_LVT)                        0.12       3.45 f
  u_cpu_core/U3110/CO (FADDX1_LVT)                        0.13       3.57 f
  u_cpu_core/U3109/CO (FADDX1_LVT)                        0.13       3.70 f
  u_cpu_core/U3108/CO (FADDX1_LVT)                        0.13       3.83 f
  u_cpu_core/U3107/CO (FADDX1_LVT)                        0.13       3.97 f
  u_cpu_core/U3103/CO (FADDX1_LVT)                        0.13       4.10 f
  u_cpu_core/U3102/CO (FADDX1_LVT)                        0.13       4.23 f
  u_cpu_core/U3101/CO (FADDX1_LVT)                        0.13       4.36 f
  u_cpu_core/U3100/CO (FADDX1_LVT)                        0.13       4.49 f
  u_cpu_core/U3098/CO (FADDX1_LVT)                        0.13       4.62 f
  u_cpu_core/U3097/CO (FADDX1_LVT)                        0.13       4.74 f
  u_cpu_core/U3096/CO (FADDX1_LVT)                        0.13       4.87 f
  u_cpu_core/U3095/CO (FADDX1_LVT)                        0.13       5.00 f
  u_cpu_core/U3106/CO (FADDX1_LVT)                        0.13       5.13 f
  u_cpu_core/U3105/CO (FADDX1_LVT)                        0.13       5.26 f
  u_cpu_core/U1359/S (FADDX1_LVT)                         0.15       5.40 f
  u_cpu_core/U2431/Y (AOI22X1_LVT)                        0.16       5.56 r
  u_cpu_core/U2432/Y (AND2X1_LVT)                         0.06       5.62 r
  u_cpu_core/U2434/Y (AND2X1_LVT)                         0.06       5.68 r
  u_cpu_core/U482/Y (OA221X1_LVT)                         0.08       5.76 r
  u_cpu_core/U2520/Y (NAND4X0_LVT)                        0.07       5.83 f
  u_cpu_core/U4257/Y (INVX0_LVT)                          0.06       5.89 r
  u_cpu_core/U382/Y (NAND3X0_LVT)                         0.21       6.09 f
  u_cpu_core/U4589/Y (AO22X1_LVT)                         0.24       6.33 f
  u_cpu_core/R_reg[5][31]/D (DFFARX1_LVT)                 0.00       6.33 f
  data arrival time                                                  6.33

  clock fast_clk (rise edge)                              6.67       6.67
  clock network delay (ideal)                             0.00       6.67
  clock uncertainty                                      -0.13       6.53
  u_cpu_core/R_reg[5][31]/CLK (DFFARX1_LVT)               0.00       6.53 r
  library setup time                                     -0.10       6.43
  data required time                                                 6.43
  --------------------------------------------------------------------------
  data required time                                                 6.43
  data arrival time                                                 -6.33
  --------------------------------------------------------------------------
  slack (MET)                                                        0.09


  Startpoint: u_cpu_core/instruction_reg_reg[17]
              (rising edge-triggered flip-flop clocked by fast_clk)
  Endpoint: u_cpu_core/R_reg[14][31]
            (rising edge-triggered flip-flop clocked by fast_clk)
  Path Group: fast_clk
  Path Type: max

  Des/Clust/Port     Wire Load Model       Library
  ------------------------------------------------
  cpu_interface      70000                 saed32lvt_ss0p75v25c
  cpu_core_PROG_ADDR_WIDTH12_DATA_ADDR_WIDTH14_DATA_WIDTH32
                     35000                 saed32lvt_ss0p75v25c

  Point                                                   Incr       Path
  --------------------------------------------------------------------------
  clock fast_clk (rise edge)                              0.00       0.00
  clock network delay (ideal)                             0.00       0.00
  u_cpu_core/instruction_reg_reg[17]/CLK (DFFARX1_LVT)
                                                          0.00 #     0.00 r
  u_cpu_core/instruction_reg_reg[17]/Q (DFFARX1_LVT)      0.22       0.22 f
  u_cpu_core/U50/Y (AND4X1_LVT)                           0.14       0.36 f
  u_cpu_core/U97/Y (INVX0_LVT)                            0.08       0.44 r
  u_cpu_core/U98/Y (INVX0_LVT)                            0.07       0.50 f
  u_cpu_core/U1103/Y (AO22X1_LVT)                         0.13       0.63 f
  u_cpu_core/U1107/Y (NOR4X1_LVT)                         0.20       0.83 r
  u_cpu_core/U1108/Y (AND2X1_LVT)                         0.13       0.96 r
  u_cpu_core/U378/Y (INVX0_LVT)                           0.08       1.04 f
  u_cpu_core/U419/Y (INVX0_LVT)                           0.15       1.20 r
  u_cpu_core/U420/Y (INVX0_LVT)                           0.12       1.31 f
  u_cpu_core/U2994/C1 (HADDX1_LVT)                        0.14       1.45 f
  u_cpu_core/U3087/CO (FADDX1_LVT)                        0.12       1.57 f
  u_cpu_core/U3086/CO (FADDX1_LVT)                        0.12       1.69 f
  u_cpu_core/U3085/CO (FADDX1_LVT)                        0.12       1.82 f
  u_cpu_core/U3084/CO (FADDX1_LVT)                        0.13       1.94 f
  u_cpu_core/U3092/CO (FADDX1_LVT)                        0.13       2.07 f
  u_cpu_core/U3091/CO (FADDX1_LVT)                        0.13       2.19 f
  u_cpu_core/U3090/CO (FADDX1_LVT)                        0.13       2.32 f
  u_cpu_core/U3089/CO (FADDX1_LVT)                        0.12       2.44 f
  u_cpu_core/U3077/CO (FADDX1_LVT)                        0.12       2.57 f
  u_cpu_core/U3076/CO (FADDX1_LVT)                        0.12       2.69 f
  u_cpu_core/U3075/CO (FADDX1_LVT)                        0.13       2.83 f
  u_cpu_core/U3074/CO (FADDX1_LVT)                        0.12       2.95 f
  u_cpu_core/U3082/CO (FADDX1_LVT)                        0.12       3.07 f
  u_cpu_core/U3081/CO (FADDX1_LVT)                        0.13       3.20 f
  u_cpu_core/U3080/CO (FADDX1_LVT)                        0.12       3.32 f
  u_cpu_core/U3079/CO (FADDX1_LVT)                        0.12       3.45 f
  u_cpu_core/U3110/CO (FADDX1_LVT)                        0.13       3.57 f
  u_cpu_core/U3109/CO (FADDX1_LVT)                        0.13       3.70 f
  u_cpu_core/U3108/CO (FADDX1_LVT)                        0.13       3.83 f
  u_cpu_core/U3107/CO (FADDX1_LVT)                        0.13       3.97 f
  u_cpu_core/U3103/CO (FADDX1_LVT)                        0.13       4.10 f
  u_cpu_core/U3102/CO (FADDX1_LVT)                        0.13       4.23 f
  u_cpu_core/U3101/CO (FADDX1_LVT)                        0.13       4.36 f
  u_cpu_core/U3100/CO (FADDX1_LVT)                        0.13       4.49 f
  u_cpu_core/U3098/CO (FADDX1_LVT)                        0.13       4.62 f
  u_cpu_core/U3097/CO (FADDX1_LVT)                        0.13       4.74 f
  u_cpu_core/U3096/CO (FADDX1_LVT)                        0.13       4.87 f
  u_cpu_core/U3095/CO (FADDX1_LVT)                        0.13       5.00 f
  u_cpu_core/U3106/CO (FADDX1_LVT)                        0.13       5.13 f
  u_cpu_core/U3105/CO (FADDX1_LVT)                        0.13       5.26 f
  u_cpu_core/U1359/S (FADDX1_LVT)                         0.15       5.40 f
  u_cpu_core/U2431/Y (AOI22X1_LVT)                        0.16       5.56 r
  u_cpu_core/U2432/Y (AND2X1_LVT)                         0.06       5.62 r
  u_cpu_core/U2434/Y (AND2X1_LVT)                         0.06       5.68 r
  u_cpu_core/U482/Y (OA221X1_LVT)                         0.08       5.76 r
  u_cpu_core/U2520/Y (NAND4X0_LVT)                        0.07       5.83 f
  u_cpu_core/U4257/Y (INVX0_LVT)                          0.06       5.89 r
  u_cpu_core/U382/Y (NAND3X0_LVT)                         0.21       6.09 f
  u_cpu_core/U4292/Y (AO22X1_LVT)                         0.24       6.33 f
  u_cpu_core/R_reg[14][31]/D (DFFARX1_LVT)                0.00       6.33 f
  data arrival time                                                  6.33

  clock fast_clk (rise edge)                              6.67       6.67
  clock network delay (ideal)                             0.00       6.67
  clock uncertainty                                      -0.13       6.53
  u_cpu_core/R_reg[14][31]/CLK (DFFARX1_LVT)              0.00       6.53 r
  library setup time                                     -0.10       6.43
  data required time                                                 6.43
  --------------------------------------------------------------------------
  data required time                                                 6.43
  data arrival time                                                 -6.33
  --------------------------------------------------------------------------
  slack (MET)                                                        0.10


  Startpoint: u_cpu_core/instruction_reg_reg[17]
              (rising edge-triggered flip-flop clocked by fast_clk)
  Endpoint: u_cpu_core/R_reg[12][31]
            (rising edge-triggered flip-flop clocked by fast_clk)
  Path Group: fast_clk
  Path Type: max

  Des/Clust/Port     Wire Load Model       Library
  ------------------------------------------------
  cpu_interface      70000                 saed32lvt_ss0p75v25c
  cpu_core_PROG_ADDR_WIDTH12_DATA_ADDR_WIDTH14_DATA_WIDTH32
                     35000                 saed32lvt_ss0p75v25c

  Point                                                   Incr       Path
  --------------------------------------------------------------------------
  clock fast_clk (rise edge)                              0.00       0.00
  clock network delay (ideal)                             0.00       0.00
  u_cpu_core/instruction_reg_reg[17]/CLK (DFFARX1_LVT)
                                                          0.00 #     0.00 r
  u_cpu_core/instruction_reg_reg[17]/Q (DFFARX1_LVT)      0.22       0.22 f
  u_cpu_core/U50/Y (AND4X1_LVT)                           0.14       0.36 f
  u_cpu_core/U97/Y (INVX0_LVT)                            0.08       0.44 r
  u_cpu_core/U98/Y (INVX0_LVT)                            0.07       0.50 f
  u_cpu_core/U1103/Y (AO22X1_LVT)                         0.13       0.63 f
  u_cpu_core/U1107/Y (NOR4X1_LVT)                         0.20       0.83 r
  u_cpu_core/U1108/Y (AND2X1_LVT)                         0.13       0.96 r
  u_cpu_core/U378/Y (INVX0_LVT)                           0.08       1.04 f
  u_cpu_core/U419/Y (INVX0_LVT)                           0.15       1.20 r
  u_cpu_core/U420/Y (INVX0_LVT)                           0.12       1.31 f
  u_cpu_core/U2994/C1 (HADDX1_LVT)                        0.14       1.45 f
  u_cpu_core/U3087/CO (FADDX1_LVT)                        0.12       1.57 f
  u_cpu_core/U3086/CO (FADDX1_LVT)                        0.12       1.69 f
  u_cpu_core/U3085/CO (FADDX1_LVT)                        0.12       1.82 f
  u_cpu_core/U3084/CO (FADDX1_LVT)                        0.13       1.94 f
  u_cpu_core/U3092/CO (FADDX1_LVT)                        0.13       2.07 f
  u_cpu_core/U3091/CO (FADDX1_LVT)                        0.13       2.19 f
  u_cpu_core/U3090/CO (FADDX1_LVT)                        0.13       2.32 f
  u_cpu_core/U3089/CO (FADDX1_LVT)                        0.12       2.44 f
  u_cpu_core/U3077/CO (FADDX1_LVT)                        0.12       2.57 f
  u_cpu_core/U3076/CO (FADDX1_LVT)                        0.12       2.69 f
  u_cpu_core/U3075/CO (FADDX1_LVT)                        0.13       2.83 f
  u_cpu_core/U3074/CO (FADDX1_LVT)                        0.12       2.95 f
  u_cpu_core/U3082/CO (FADDX1_LVT)                        0.12       3.07 f
  u_cpu_core/U3081/CO (FADDX1_LVT)                        0.13       3.20 f
  u_cpu_core/U3080/CO (FADDX1_LVT)                        0.12       3.32 f
  u_cpu_core/U3079/CO (FADDX1_LVT)                        0.12       3.45 f
  u_cpu_core/U3110/CO (FADDX1_LVT)                        0.13       3.57 f
  u_cpu_core/U3109/CO (FADDX1_LVT)                        0.13       3.70 f
  u_cpu_core/U3108/CO (FADDX1_LVT)                        0.13       3.83 f
  u_cpu_core/U3107/CO (FADDX1_LVT)                        0.13       3.97 f
  u_cpu_core/U3103/CO (FADDX1_LVT)                        0.13       4.10 f
  u_cpu_core/U3102/CO (FADDX1_LVT)                        0.13       4.23 f
  u_cpu_core/U3101/CO (FADDX1_LVT)                        0.13       4.36 f
  u_cpu_core/U3100/CO (FADDX1_LVT)                        0.13       4.49 f
  u_cpu_core/U3098/CO (FADDX1_LVT)                        0.13       4.62 f
  u_cpu_core/U3097/CO (FADDX1_LVT)                        0.13       4.74 f
  u_cpu_core/U3096/CO (FADDX1_LVT)                        0.13       4.87 f
  u_cpu_core/U3095/CO (FADDX1_LVT)                        0.13       5.00 f
  u_cpu_core/U3106/CO (FADDX1_LVT)                        0.13       5.13 f
  u_cpu_core/U3105/CO (FADDX1_LVT)                        0.13       5.26 f
  u_cpu_core/U1359/S (FADDX1_LVT)                         0.15       5.40 f
  u_cpu_core/U2431/Y (AOI22X1_LVT)                        0.16       5.56 r
  u_cpu_core/U2432/Y (AND2X1_LVT)                         0.06       5.62 r
  u_cpu_core/U2434/Y (AND2X1_LVT)                         0.06       5.68 r
  u_cpu_core/U482/Y (OA221X1_LVT)                         0.08       5.76 r
  u_cpu_core/U2520/Y (NAND4X0_LVT)                        0.07       5.83 f
  u_cpu_core/U4257/Y (INVX0_LVT)                          0.06       5.89 r
  u_cpu_core/U382/Y (NAND3X0_LVT)                         0.21       6.09 f
  u_cpu_core/U4359/Y (AO22X1_LVT)                         0.24       6.33 f
  u_cpu_core/R_reg[12][31]/D (DFFARX1_LVT)                0.00       6.33 f
  data arrival time                                                  6.33

  clock fast_clk (rise edge)                              6.67       6.67
  clock network delay (ideal)                             0.00       6.67
  clock uncertainty                                      -0.13       6.53
  u_cpu_core/R_reg[12][31]/CLK (DFFARX1_LVT)              0.00       6.53 r
  library setup time                                     -0.10       6.43
  data required time                                                 6.43
  --------------------------------------------------------------------------
  data required time                                                 6.43
  data arrival time                                                 -6.33
  --------------------------------------------------------------------------
  slack (MET)                                                        0.10


  Startpoint: u_cpu_core/instruction_reg_reg[17]
              (rising edge-triggered flip-flop clocked by fast_clk)
  Endpoint: u_cpu_core/R_reg[10][31]
            (rising edge-triggered flip-flop clocked by fast_clk)
  Path Group: fast_clk
  Path Type: max

  Des/Clust/Port     Wire Load Model       Library
  ------------------------------------------------
  cpu_interface      70000                 saed32lvt_ss0p75v25c
  cpu_core_PROG_ADDR_WIDTH12_DATA_ADDR_WIDTH14_DATA_WIDTH32
                     35000                 saed32lvt_ss0p75v25c

  Point                                                   Incr       Path
  --------------------------------------------------------------------------
  clock fast_clk (rise edge)                              0.00       0.00
  clock network delay (ideal)                             0.00       0.00
  u_cpu_core/instruction_reg_reg[17]/CLK (DFFARX1_LVT)
                                                          0.00 #     0.00 r
  u_cpu_core/instruction_reg_reg[17]/Q (DFFARX1_LVT)      0.22       0.22 f
  u_cpu_core/U50/Y (AND4X1_LVT)                           0.14       0.36 f
  u_cpu_core/U97/Y (INVX0_LVT)                            0.08       0.44 r
  u_cpu_core/U98/Y (INVX0_LVT)                            0.07       0.50 f
  u_cpu_core/U1103/Y (AO22X1_LVT)                         0.13       0.63 f
  u_cpu_core/U1107/Y (NOR4X1_LVT)                         0.20       0.83 r
  u_cpu_core/U1108/Y (AND2X1_LVT)                         0.13       0.96 r
  u_cpu_core/U378/Y (INVX0_LVT)                           0.08       1.04 f
  u_cpu_core/U419/Y (INVX0_LVT)                           0.15       1.20 r
  u_cpu_core/U420/Y (INVX0_LVT)                           0.12       1.31 f
  u_cpu_core/U2994/C1 (HADDX1_LVT)                        0.14       1.45 f
  u_cpu_core/U3087/CO (FADDX1_LVT)                        0.12       1.57 f
  u_cpu_core/U3086/CO (FADDX1_LVT)                        0.12       1.69 f
  u_cpu_core/U3085/CO (FADDX1_LVT)                        0.12       1.82 f
  u_cpu_core/U3084/CO (FADDX1_LVT)                        0.13       1.94 f
  u_cpu_core/U3092/CO (FADDX1_LVT)                        0.13       2.07 f
  u_cpu_core/U3091/CO (FADDX1_LVT)                        0.13       2.19 f
  u_cpu_core/U3090/CO (FADDX1_LVT)                        0.13       2.32 f
  u_cpu_core/U3089/CO (FADDX1_LVT)                        0.12       2.44 f
  u_cpu_core/U3077/CO (FADDX1_LVT)                        0.12       2.57 f
  u_cpu_core/U3076/CO (FADDX1_LVT)                        0.12       2.69 f
  u_cpu_core/U3075/CO (FADDX1_LVT)                        0.13       2.83 f
  u_cpu_core/U3074/CO (FADDX1_LVT)                        0.12       2.95 f
  u_cpu_core/U3082/CO (FADDX1_LVT)                        0.12       3.07 f
  u_cpu_core/U3081/CO (FADDX1_LVT)                        0.13       3.20 f
  u_cpu_core/U3080/CO (FADDX1_LVT)                        0.12       3.32 f
  u_cpu_core/U3079/CO (FADDX1_LVT)                        0.12       3.45 f
  u_cpu_core/U3110/CO (FADDX1_LVT)                        0.13       3.57 f
  u_cpu_core/U3109/CO (FADDX1_LVT)                        0.13       3.70 f
  u_cpu_core/U3108/CO (FADDX1_LVT)                        0.13       3.83 f
  u_cpu_core/U3107/CO (FADDX1_LVT)                        0.13       3.97 f
  u_cpu_core/U3103/CO (FADDX1_LVT)                        0.13       4.10 f
  u_cpu_core/U3102/CO (FADDX1_LVT)                        0.13       4.23 f
  u_cpu_core/U3101/CO (FADDX1_LVT)                        0.13       4.36 f
  u_cpu_core/U3100/CO (FADDX1_LVT)                        0.13       4.49 f
  u_cpu_core/U3098/CO (FADDX1_LVT)                        0.13       4.62 f
  u_cpu_core/U3097/CO (FADDX1_LVT)                        0.13       4.74 f
  u_cpu_core/U3096/CO (FADDX1_LVT)                        0.13       4.87 f
  u_cpu_core/U3095/CO (FADDX1_LVT)                        0.13       5.00 f
  u_cpu_core/U3106/CO (FADDX1_LVT)                        0.13       5.13 f
  u_cpu_core/U3105/CO (FADDX1_LVT)                        0.13       5.26 f
  u_cpu_core/U1359/S (FADDX1_LVT)                         0.15       5.40 f
  u_cpu_core/U2431/Y (AOI22X1_LVT)                        0.16       5.56 r
  u_cpu_core/U2432/Y (AND2X1_LVT)                         0.06       5.62 r
  u_cpu_core/U2434/Y (AND2X1_LVT)                         0.06       5.68 r
  u_cpu_core/U482/Y (OA221X1_LVT)                         0.08       5.76 r
  u_cpu_core/U2520/Y (NAND4X0_LVT)                        0.07       5.83 f
  u_cpu_core/U4257/Y (INVX0_LVT)                          0.06       5.89 r
  u_cpu_core/U382/Y (NAND3X0_LVT)                         0.21       6.09 f
  u_cpu_core/U4424/Y (AO22X1_LVT)                         0.24       6.33 f
  u_cpu_core/R_reg[10][31]/D (DFFARX1_LVT)                0.00       6.33 f
  data arrival time                                                  6.33

  clock fast_clk (rise edge)                              6.67       6.67
  clock network delay (ideal)                             0.00       6.67
  clock uncertainty                                      -0.13       6.53
  u_cpu_core/R_reg[10][31]/CLK (DFFARX1_LVT)              0.00       6.53 r
  library setup time                                     -0.10       6.43
  data required time                                                 6.43
  --------------------------------------------------------------------------
  data required time                                                 6.43
  data arrival time                                                 -6.33
  --------------------------------------------------------------------------
  slack (MET)                                                        0.10


  Startpoint: u_cpu_core/instruction_reg_reg[17]
              (rising edge-triggered flip-flop clocked by fast_clk)
  Endpoint: u_cpu_core/R_reg[6][31]
            (rising edge-triggered flip-flop clocked by fast_clk)
  Path Group: fast_clk
  Path Type: max

  Des/Clust/Port     Wire Load Model       Library
  ------------------------------------------------
  cpu_interface      70000                 saed32lvt_ss0p75v25c
  cpu_core_PROG_ADDR_WIDTH12_DATA_ADDR_WIDTH14_DATA_WIDTH32
                     35000                 saed32lvt_ss0p75v25c

  Point                                                   Incr       Path
  --------------------------------------------------------------------------
  clock fast_clk (rise edge)                              0.00       0.00
  clock network delay (ideal)                             0.00       0.00
  u_cpu_core/instruction_reg_reg[17]/CLK (DFFARX1_LVT)
                                                          0.00 #     0.00 r
  u_cpu_core/instruction_reg_reg[17]/Q (DFFARX1_LVT)      0.22       0.22 f
  u_cpu_core/U50/Y (AND4X1_LVT)                           0.14       0.36 f
  u_cpu_core/U97/Y (INVX0_LVT)                            0.08       0.44 r
  u_cpu_core/U98/Y (INVX0_LVT)                            0.07       0.50 f
  u_cpu_core/U1103/Y (AO22X1_LVT)                         0.13       0.63 f
  u_cpu_core/U1107/Y (NOR4X1_LVT)                         0.20       0.83 r
  u_cpu_core/U1108/Y (AND2X1_LVT)                         0.13       0.96 r
  u_cpu_core/U378/Y (INVX0_LVT)                           0.08       1.04 f
  u_cpu_core/U419/Y (INVX0_LVT)                           0.15       1.20 r
  u_cpu_core/U420/Y (INVX0_LVT)                           0.12       1.31 f
  u_cpu_core/U2994/C1 (HADDX1_LVT)                        0.14       1.45 f
  u_cpu_core/U3087/CO (FADDX1_LVT)                        0.12       1.57 f
  u_cpu_core/U3086/CO (FADDX1_LVT)                        0.12       1.69 f
  u_cpu_core/U3085/CO (FADDX1_LVT)                        0.12       1.82 f
  u_cpu_core/U3084/CO (FADDX1_LVT)                        0.13       1.94 f
  u_cpu_core/U3092/CO (FADDX1_LVT)                        0.13       2.07 f
  u_cpu_core/U3091/CO (FADDX1_LVT)                        0.13       2.19 f
  u_cpu_core/U3090/CO (FADDX1_LVT)                        0.13       2.32 f
  u_cpu_core/U3089/CO (FADDX1_LVT)                        0.12       2.44 f
  u_cpu_core/U3077/CO (FADDX1_LVT)                        0.12       2.57 f
  u_cpu_core/U3076/CO (FADDX1_LVT)                        0.12       2.69 f
  u_cpu_core/U3075/CO (FADDX1_LVT)                        0.13       2.83 f
  u_cpu_core/U3074/CO (FADDX1_LVT)                        0.12       2.95 f
  u_cpu_core/U3082/CO (FADDX1_LVT)                        0.12       3.07 f
  u_cpu_core/U3081/CO (FADDX1_LVT)                        0.13       3.20 f
  u_cpu_core/U3080/CO (FADDX1_LVT)                        0.12       3.32 f
  u_cpu_core/U3079/CO (FADDX1_LVT)                        0.12       3.45 f
  u_cpu_core/U3110/CO (FADDX1_LVT)                        0.13       3.57 f
  u_cpu_core/U3109/CO (FADDX1_LVT)                        0.13       3.70 f
  u_cpu_core/U3108/CO (FADDX1_LVT)                        0.13       3.83 f
  u_cpu_core/U3107/CO (FADDX1_LVT)                        0.13       3.97 f
  u_cpu_core/U3103/CO (FADDX1_LVT)                        0.13       4.10 f
  u_cpu_core/U3102/CO (FADDX1_LVT)                        0.13       4.23 f
  u_cpu_core/U3101/CO (FADDX1_LVT)                        0.13       4.36 f
  u_cpu_core/U3100/CO (FADDX1_LVT)                        0.13       4.49 f
  u_cpu_core/U3098/CO (FADDX1_LVT)                        0.13       4.62 f
  u_cpu_core/U3097/CO (FADDX1_LVT)                        0.13       4.74 f
  u_cpu_core/U3096/CO (FADDX1_LVT)                        0.13       4.87 f
  u_cpu_core/U3095/CO (FADDX1_LVT)                        0.13       5.00 f
  u_cpu_core/U3106/CO (FADDX1_LVT)                        0.13       5.13 f
  u_cpu_core/U3105/CO (FADDX1_LVT)                        0.13       5.26 f
  u_cpu_core/U1359/S (FADDX1_LVT)                         0.15       5.40 f
  u_cpu_core/U2431/Y (AOI22X1_LVT)                        0.16       5.56 r
  u_cpu_core/U2432/Y (AND2X1_LVT)                         0.06       5.62 r
  u_cpu_core/U2434/Y (AND2X1_LVT)                         0.06       5.68 r
  u_cpu_core/U482/Y (OA221X1_LVT)                         0.08       5.76 r
  u_cpu_core/U2520/Y (NAND4X0_LVT)                        0.07       5.83 f
  u_cpu_core/U4257/Y (INVX0_LVT)                          0.06       5.89 r
  u_cpu_core/U382/Y (NAND3X0_LVT)                         0.21       6.09 f
  u_cpu_core/U4555/Y (AO22X1_LVT)                         0.24       6.33 f
  u_cpu_core/R_reg[6][31]/D (DFFARX1_LVT)                 0.00       6.33 f
  data arrival time                                                  6.33

  clock fast_clk (rise edge)                              6.67       6.67
  clock network delay (ideal)                             0.00       6.67
  clock uncertainty                                      -0.13       6.53
  u_cpu_core/R_reg[6][31]/CLK (DFFARX1_LVT)               0.00       6.53 r
  library setup time                                     -0.10       6.43
  data required time                                                 6.43
  --------------------------------------------------------------------------
  data required time                                                 6.43
  data arrival time                                                 -6.33
  --------------------------------------------------------------------------
  slack (MET)                                                        0.10


  Startpoint: u_cpu_core/instruction_reg_reg[17]
              (rising edge-triggered flip-flop clocked by fast_clk)
  Endpoint: u_cpu_core/R_reg[1][31]
            (rising edge-triggered flip-flop clocked by fast_clk)
  Path Group: fast_clk
  Path Type: max

  Des/Clust/Port     Wire Load Model       Library
  ------------------------------------------------
  cpu_interface      70000                 saed32lvt_ss0p75v25c
  cpu_core_PROG_ADDR_WIDTH12_DATA_ADDR_WIDTH14_DATA_WIDTH32
                     35000                 saed32lvt_ss0p75v25c

  Point                                                   Incr       Path
  --------------------------------------------------------------------------
  clock fast_clk (rise edge)                              0.00       0.00
  clock network delay (ideal)                             0.00       0.00
  u_cpu_core/instruction_reg_reg[17]/CLK (DFFARX1_LVT)
                                                          0.00 #     0.00 r
  u_cpu_core/instruction_reg_reg[17]/Q (DFFARX1_LVT)      0.22       0.22 f
  u_cpu_core/U50/Y (AND4X1_LVT)                           0.14       0.36 f
  u_cpu_core/U97/Y (INVX0_LVT)                            0.08       0.44 r
  u_cpu_core/U98/Y (INVX0_LVT)                            0.07       0.50 f
  u_cpu_core/U1103/Y (AO22X1_LVT)                         0.13       0.63 f
  u_cpu_core/U1107/Y (NOR4X1_LVT)                         0.20       0.83 r
  u_cpu_core/U1108/Y (AND2X1_LVT)                         0.13       0.96 r
  u_cpu_core/U378/Y (INVX0_LVT)                           0.08       1.04 f
  u_cpu_core/U419/Y (INVX0_LVT)                           0.15       1.20 r
  u_cpu_core/U420/Y (INVX0_LVT)                           0.12       1.31 f
  u_cpu_core/U2994/C1 (HADDX1_LVT)                        0.14       1.45 f
  u_cpu_core/U3087/CO (FADDX1_LVT)                        0.12       1.57 f
  u_cpu_core/U3086/CO (FADDX1_LVT)                        0.12       1.69 f
  u_cpu_core/U3085/CO (FADDX1_LVT)                        0.12       1.82 f
  u_cpu_core/U3084/CO (FADDX1_LVT)                        0.13       1.94 f
  u_cpu_core/U3092/CO (FADDX1_LVT)                        0.13       2.07 f
  u_cpu_core/U3091/CO (FADDX1_LVT)                        0.13       2.19 f
  u_cpu_core/U3090/CO (FADDX1_LVT)                        0.13       2.32 f
  u_cpu_core/U3089/CO (FADDX1_LVT)                        0.12       2.44 f
  u_cpu_core/U3077/CO (FADDX1_LVT)                        0.12       2.57 f
  u_cpu_core/U3076/CO (FADDX1_LVT)                        0.12       2.69 f
  u_cpu_core/U3075/CO (FADDX1_LVT)                        0.13       2.83 f
  u_cpu_core/U3074/CO (FADDX1_LVT)                        0.12       2.95 f
  u_cpu_core/U3082/CO (FADDX1_LVT)                        0.12       3.07 f
  u_cpu_core/U3081/CO (FADDX1_LVT)                        0.13       3.20 f
  u_cpu_core/U3080/CO (FADDX1_LVT)                        0.12       3.32 f
  u_cpu_core/U3079/CO (FADDX1_LVT)                        0.12       3.45 f
  u_cpu_core/U3110/CO (FADDX1_LVT)                        0.13       3.57 f
  u_cpu_core/U3109/CO (FADDX1_LVT)                        0.13       3.70 f
  u_cpu_core/U3108/CO (FADDX1_LVT)                        0.13       3.83 f
  u_cpu_core/U3107/CO (FADDX1_LVT)                        0.13       3.97 f
  u_cpu_core/U3103/CO (FADDX1_LVT)                        0.13       4.10 f
  u_cpu_core/U3102/CO (FADDX1_LVT)                        0.13       4.23 f
  u_cpu_core/U3101/CO (FADDX1_LVT)                        0.13       4.36 f
  u_cpu_core/U3100/CO (FADDX1_LVT)                        0.13       4.49 f
  u_cpu_core/U3098/CO (FADDX1_LVT)                        0.13       4.62 f
  u_cpu_core/U3097/CO (FADDX1_LVT)                        0.13       4.74 f
  u_cpu_core/U3096/CO (FADDX1_LVT)                        0.13       4.87 f
  u_cpu_core/U3095/CO (FADDX1_LVT)                        0.13       5.00 f
  u_cpu_core/U3106/CO (FADDX1_LVT)                        0.13       5.13 f
  u_cpu_core/U3105/CO (FADDX1_LVT)                        0.13       5.26 f
  u_cpu_core/U1359/S (FADDX1_LVT)                         0.15       5.40 f
  u_cpu_core/U2431/Y (AOI22X1_LVT)                        0.16       5.56 r
  u_cpu_core/U2432/Y (AND2X1_LVT)                         0.06       5.62 r
  u_cpu_core/U2434/Y (AND2X1_LVT)                         0.06       5.68 r
  u_cpu_core/U482/Y (OA221X1_LVT)                         0.08       5.76 r
  u_cpu_core/U2520/Y (NAND4X0_LVT)                        0.07       5.83 f
  u_cpu_core/U4257/Y (INVX0_LVT)                          0.06       5.89 r
  u_cpu_core/U382/Y (NAND3X0_LVT)                         0.21       6.09 f
  u_cpu_core/U4722/Y (AO22X1_LVT)                         0.24       6.33 f
  u_cpu_core/R_reg[1][31]/D (DFFARX1_LVT)                 0.00       6.33 f
  data arrival time                                                  6.33

  clock fast_clk (rise edge)                              6.67       6.67
  clock network delay (ideal)                             0.00       6.67
  clock uncertainty                                      -0.13       6.53
  u_cpu_core/R_reg[1][31]/CLK (DFFARX1_LVT)               0.00       6.53 r
  library setup time                                     -0.10       6.43
  data required time                                                 6.43
  --------------------------------------------------------------------------
  data required time                                                 6.43
  data arrival time                                                 -6.33
  --------------------------------------------------------------------------
  slack (MET)                                                        0.10


  Startpoint: u_cpu_core/instruction_reg_reg[17]
              (rising edge-triggered flip-flop clocked by fast_clk)
  Endpoint: u_cpu_core/R_reg[0][31]
            (rising edge-triggered flip-flop clocked by fast_clk)
  Path Group: fast_clk
  Path Type: max

  Des/Clust/Port     Wire Load Model       Library
  ------------------------------------------------
  cpu_interface      70000                 saed32lvt_ss0p75v25c
  cpu_core_PROG_ADDR_WIDTH12_DATA_ADDR_WIDTH14_DATA_WIDTH32
                     35000                 saed32lvt_ss0p75v25c

  Point                                                   Incr       Path
  --------------------------------------------------------------------------
  clock fast_clk (rise edge)                              0.00       0.00
  clock network delay (ideal)                             0.00       0.00
  u_cpu_core/instruction_reg_reg[17]/CLK (DFFARX1_LVT)
                                                          0.00 #     0.00 r
  u_cpu_core/instruction_reg_reg[17]/Q (DFFARX1_LVT)      0.22       0.22 f
  u_cpu_core/U50/Y (AND4X1_LVT)                           0.14       0.36 f
  u_cpu_core/U97/Y (INVX0_LVT)                            0.08       0.44 r
  u_cpu_core/U98/Y (INVX0_LVT)                            0.07       0.50 f
  u_cpu_core/U1103/Y (AO22X1_LVT)                         0.13       0.63 f
  u_cpu_core/U1107/Y (NOR4X1_LVT)                         0.20       0.83 r
  u_cpu_core/U1108/Y (AND2X1_LVT)                         0.13       0.96 r
  u_cpu_core/U378/Y (INVX0_LVT)                           0.08       1.04 f
  u_cpu_core/U419/Y (INVX0_LVT)                           0.15       1.20 r
  u_cpu_core/U420/Y (INVX0_LVT)                           0.12       1.31 f
  u_cpu_core/U2994/C1 (HADDX1_LVT)                        0.14       1.45 f
  u_cpu_core/U3087/CO (FADDX1_LVT)                        0.12       1.57 f
  u_cpu_core/U3086/CO (FADDX1_LVT)                        0.12       1.69 f
  u_cpu_core/U3085/CO (FADDX1_LVT)                        0.12       1.82 f
  u_cpu_core/U3084/CO (FADDX1_LVT)                        0.13       1.94 f
  u_cpu_core/U3092/CO (FADDX1_LVT)                        0.13       2.07 f
  u_cpu_core/U3091/CO (FADDX1_LVT)                        0.13       2.19 f
  u_cpu_core/U3090/CO (FADDX1_LVT)                        0.13       2.32 f
  u_cpu_core/U3089/CO (FADDX1_LVT)                        0.12       2.44 f
  u_cpu_core/U3077/CO (FADDX1_LVT)                        0.12       2.57 f
  u_cpu_core/U3076/CO (FADDX1_LVT)                        0.12       2.69 f
  u_cpu_core/U3075/CO (FADDX1_LVT)                        0.13       2.83 f
  u_cpu_core/U3074/CO (FADDX1_LVT)                        0.12       2.95 f
  u_cpu_core/U3082/CO (FADDX1_LVT)                        0.12       3.07 f
  u_cpu_core/U3081/CO (FADDX1_LVT)                        0.13       3.20 f
  u_cpu_core/U3080/CO (FADDX1_LVT)                        0.12       3.32 f
  u_cpu_core/U3079/CO (FADDX1_LVT)                        0.12       3.45 f
  u_cpu_core/U3110/CO (FADDX1_LVT)                        0.13       3.57 f
  u_cpu_core/U3109/CO (FADDX1_LVT)                        0.13       3.70 f
  u_cpu_core/U3108/CO (FADDX1_LVT)                        0.13       3.83 f
  u_cpu_core/U3107/CO (FADDX1_LVT)                        0.13       3.97 f
  u_cpu_core/U3103/CO (FADDX1_LVT)                        0.13       4.10 f
  u_cpu_core/U3102/CO (FADDX1_LVT)                        0.13       4.23 f
  u_cpu_core/U3101/CO (FADDX1_LVT)                        0.13       4.36 f
  u_cpu_core/U3100/CO (FADDX1_LVT)                        0.13       4.49 f
  u_cpu_core/U3098/CO (FADDX1_LVT)                        0.13       4.62 f
  u_cpu_core/U3097/CO (FADDX1_LVT)                        0.13       4.74 f
  u_cpu_core/U3096/CO (FADDX1_LVT)                        0.13       4.87 f
  u_cpu_core/U3095/CO (FADDX1_LVT)                        0.13       5.00 f
  u_cpu_core/U3106/CO (FADDX1_LVT)                        0.13       5.13 f
  u_cpu_core/U3105/CO (FADDX1_LVT)                        0.13       5.26 f
  u_cpu_core/U1359/S (FADDX1_LVT)                         0.15       5.40 f
  u_cpu_core/U2431/Y (AOI22X1_LVT)                        0.16       5.56 r
  u_cpu_core/U2432/Y (AND2X1_LVT)                         0.06       5.62 r
  u_cpu_core/U2434/Y (AND2X1_LVT)                         0.06       5.68 r
  u_cpu_core/U482/Y (OA221X1_LVT)                         0.08       5.76 r
  u_cpu_core/U2520/Y (NAND4X0_LVT)                        0.07       5.83 f
  u_cpu_core/U4257/Y (INVX0_LVT)                          0.06       5.89 r
  u_cpu_core/U382/Y (NAND3X0_LVT)                         0.21       6.09 f
  u_cpu_core/U4755/Y (AO22X1_LVT)                         0.24       6.33 f
  u_cpu_core/R_reg[0][31]/D (DFFARX1_LVT)                 0.00       6.33 f
  data arrival time                                                  6.33

  clock fast_clk (rise edge)                              6.67       6.67
  clock network delay (ideal)                             0.00       6.67
  clock uncertainty                                      -0.13       6.53
  u_cpu_core/R_reg[0][31]/CLK (DFFARX1_LVT)               0.00       6.53 r
  library setup time                                     -0.10       6.43
  data required time                                                 6.43
  --------------------------------------------------------------------------
  data required time                                                 6.43
  data arrival time                                                 -6.33
  --------------------------------------------------------------------------
  slack (MET)                                                        0.10


  Startpoint: u_cpu_core/instruction_reg_reg[17]
              (rising edge-triggered flip-flop clocked by fast_clk)
  Endpoint: u_cpu_core/R_reg[4][31]
            (rising edge-triggered flip-flop clocked by fast_clk)
  Path Group: fast_clk
  Path Type: max

  Des/Clust/Port     Wire Load Model       Library
  ------------------------------------------------
  cpu_interface      70000                 saed32lvt_ss0p75v25c
  cpu_core_PROG_ADDR_WIDTH12_DATA_ADDR_WIDTH14_DATA_WIDTH32
                     35000                 saed32lvt_ss0p75v25c

  Point                                                   Incr       Path
  --------------------------------------------------------------------------
  clock fast_clk (rise edge)                              0.00       0.00
  clock network delay (ideal)                             0.00       0.00
  u_cpu_core/instruction_reg_reg[17]/CLK (DFFARX1_LVT)
                                                          0.00 #     0.00 r
  u_cpu_core/instruction_reg_reg[17]/Q (DFFARX1_LVT)      0.22       0.22 f
  u_cpu_core/U50/Y (AND4X1_LVT)                           0.14       0.36 f
  u_cpu_core/U97/Y (INVX0_LVT)                            0.08       0.44 r
  u_cpu_core/U98/Y (INVX0_LVT)                            0.07       0.50 f
  u_cpu_core/U1103/Y (AO22X1_LVT)                         0.13       0.63 f
  u_cpu_core/U1107/Y (NOR4X1_LVT)                         0.20       0.83 r
  u_cpu_core/U1108/Y (AND2X1_LVT)                         0.13       0.96 r
  u_cpu_core/U378/Y (INVX0_LVT)                           0.08       1.04 f
  u_cpu_core/U419/Y (INVX0_LVT)                           0.15       1.20 r
  u_cpu_core/U420/Y (INVX0_LVT)                           0.12       1.31 f
  u_cpu_core/U2994/C1 (HADDX1_LVT)                        0.14       1.45 f
  u_cpu_core/U3087/CO (FADDX1_LVT)                        0.12       1.57 f
  u_cpu_core/U3086/CO (FADDX1_LVT)                        0.12       1.69 f
  u_cpu_core/U3085/CO (FADDX1_LVT)                        0.12       1.82 f
  u_cpu_core/U3084/CO (FADDX1_LVT)                        0.13       1.94 f
  u_cpu_core/U3092/CO (FADDX1_LVT)                        0.13       2.07 f
  u_cpu_core/U3091/CO (FADDX1_LVT)                        0.13       2.19 f
  u_cpu_core/U3090/CO (FADDX1_LVT)                        0.13       2.32 f
  u_cpu_core/U3089/CO (FADDX1_LVT)                        0.12       2.44 f
  u_cpu_core/U3077/CO (FADDX1_LVT)                        0.12       2.57 f
  u_cpu_core/U3076/CO (FADDX1_LVT)                        0.12       2.69 f
  u_cpu_core/U3075/CO (FADDX1_LVT)                        0.13       2.83 f
  u_cpu_core/U3074/CO (FADDX1_LVT)                        0.12       2.95 f
  u_cpu_core/U3082/CO (FADDX1_LVT)                        0.12       3.07 f
  u_cpu_core/U3081/CO (FADDX1_LVT)                        0.13       3.20 f
  u_cpu_core/U3080/CO (FADDX1_LVT)                        0.12       3.32 f
  u_cpu_core/U3079/CO (FADDX1_LVT)                        0.12       3.45 f
  u_cpu_core/U3110/CO (FADDX1_LVT)                        0.13       3.57 f
  u_cpu_core/U3109/CO (FADDX1_LVT)                        0.13       3.70 f
  u_cpu_core/U3108/CO (FADDX1_LVT)                        0.13       3.83 f
  u_cpu_core/U3107/CO (FADDX1_LVT)                        0.13       3.97 f
  u_cpu_core/U3103/CO (FADDX1_LVT)                        0.13       4.10 f
  u_cpu_core/U3102/CO (FADDX1_LVT)                        0.13       4.23 f
  u_cpu_core/U3101/CO (FADDX1_LVT)                        0.13       4.36 f
  u_cpu_core/U3100/CO (FADDX1_LVT)                        0.13       4.49 f
  u_cpu_core/U3098/CO (FADDX1_LVT)                        0.13       4.62 f
  u_cpu_core/U3097/CO (FADDX1_LVT)                        0.13       4.74 f
  u_cpu_core/U3096/CO (FADDX1_LVT)                        0.13       4.87 f
  u_cpu_core/U3095/CO (FADDX1_LVT)                        0.13       5.00 f
  u_cpu_core/U3106/CO (FADDX1_LVT)                        0.13       5.13 f
  u_cpu_core/U3105/CO (FADDX1_LVT)                        0.13       5.26 f
  u_cpu_core/U1359/S (FADDX1_LVT)                         0.15       5.40 f
  u_cpu_core/U2431/Y (AOI22X1_LVT)                        0.16       5.56 r
  u_cpu_core/U2432/Y (AND2X1_LVT)                         0.06       5.62 r
  u_cpu_core/U2434/Y (AND2X1_LVT)                         0.06       5.68 r
  u_cpu_core/U482/Y (OA221X1_LVT)                         0.08       5.76 r
  u_cpu_core/U2520/Y (NAND4X0_LVT)                        0.07       5.83 f
  u_cpu_core/U4257/Y (INVX0_LVT)                          0.06       5.89 r
  u_cpu_core/U382/Y (NAND3X0_LVT)                         0.21       6.09 f
  u_cpu_core/U4623/Y (AO22X1_LVT)                         0.24       6.33 f
  u_cpu_core/R_reg[4][31]/D (DFFARX1_LVT)                 0.00       6.33 f
  data arrival time                                                  6.33

  clock fast_clk (rise edge)                              6.67       6.67
  clock network delay (ideal)                             0.00       6.67
  clock uncertainty                                      -0.13       6.53
  u_cpu_core/R_reg[4][31]/CLK (DFFARX1_LVT)               0.00       6.53 r
  library setup time                                     -0.10       6.43
  data required time                                                 6.43
  --------------------------------------------------------------------------
  data required time                                                 6.43
  data arrival time                                                 -6.33
  --------------------------------------------------------------------------
  slack (MET)                                                        0.10


  Startpoint: u_cpu_core/instruction_reg_reg[17]
              (rising edge-triggered flip-flop clocked by fast_clk)
  Endpoint: u_cpu_core/R_reg[3][31]
            (rising edge-triggered flip-flop clocked by fast_clk)
  Path Group: fast_clk
  Path Type: max

  Des/Clust/Port     Wire Load Model       Library
  ------------------------------------------------
  cpu_interface      70000                 saed32lvt_ss0p75v25c
  cpu_core_PROG_ADDR_WIDTH12_DATA_ADDR_WIDTH14_DATA_WIDTH32
                     35000                 saed32lvt_ss0p75v25c

  Point                                                   Incr       Path
  --------------------------------------------------------------------------
  clock fast_clk (rise edge)                              0.00       0.00
  clock network delay (ideal)                             0.00       0.00
  u_cpu_core/instruction_reg_reg[17]/CLK (DFFARX1_LVT)
                                                          0.00 #     0.00 r
  u_cpu_core/instruction_reg_reg[17]/Q (DFFARX1_LVT)      0.22       0.22 f
  u_cpu_core/U50/Y (AND4X1_LVT)                           0.14       0.36 f
  u_cpu_core/U97/Y (INVX0_LVT)                            0.08       0.44 r
  u_cpu_core/U98/Y (INVX0_LVT)                            0.07       0.50 f
  u_cpu_core/U1103/Y (AO22X1_LVT)                         0.13       0.63 f
  u_cpu_core/U1107/Y (NOR4X1_LVT)                         0.20       0.83 r
  u_cpu_core/U1108/Y (AND2X1_LVT)                         0.13       0.96 r
  u_cpu_core/U378/Y (INVX0_LVT)                           0.08       1.04 f
  u_cpu_core/U419/Y (INVX0_LVT)                           0.15       1.20 r
  u_cpu_core/U420/Y (INVX0_LVT)                           0.12       1.31 f
  u_cpu_core/U2994/C1 (HADDX1_LVT)                        0.14       1.45 f
  u_cpu_core/U3087/CO (FADDX1_LVT)                        0.12       1.57 f
  u_cpu_core/U3086/CO (FADDX1_LVT)                        0.12       1.69 f
  u_cpu_core/U3085/CO (FADDX1_LVT)                        0.12       1.82 f
  u_cpu_core/U3084/CO (FADDX1_LVT)                        0.13       1.94 f
  u_cpu_core/U3092/CO (FADDX1_LVT)                        0.13       2.07 f
  u_cpu_core/U3091/CO (FADDX1_LVT)                        0.13       2.19 f
  u_cpu_core/U3090/CO (FADDX1_LVT)                        0.13       2.32 f
  u_cpu_core/U3089/CO (FADDX1_LVT)                        0.12       2.44 f
  u_cpu_core/U3077/CO (FADDX1_LVT)                        0.12       2.57 f
  u_cpu_core/U3076/CO (FADDX1_LVT)                        0.12       2.69 f
  u_cpu_core/U3075/CO (FADDX1_LVT)                        0.13       2.83 f
  u_cpu_core/U3074/CO (FADDX1_LVT)                        0.12       2.95 f
  u_cpu_core/U3082/CO (FADDX1_LVT)                        0.12       3.07 f
  u_cpu_core/U3081/CO (FADDX1_LVT)                        0.13       3.20 f
  u_cpu_core/U3080/CO (FADDX1_LVT)                        0.12       3.32 f
  u_cpu_core/U3079/CO (FADDX1_LVT)                        0.12       3.45 f
  u_cpu_core/U3110/CO (FADDX1_LVT)                        0.13       3.57 f
  u_cpu_core/U3109/CO (FADDX1_LVT)                        0.13       3.70 f
  u_cpu_core/U3108/CO (FADDX1_LVT)                        0.13       3.83 f
  u_cpu_core/U3107/CO (FADDX1_LVT)                        0.13       3.97 f
  u_cpu_core/U3103/CO (FADDX1_LVT)                        0.13       4.10 f
  u_cpu_core/U3102/CO (FADDX1_LVT)                        0.13       4.23 f
  u_cpu_core/U3101/CO (FADDX1_LVT)                        0.13       4.36 f
  u_cpu_core/U3100/CO (FADDX1_LVT)                        0.13       4.49 f
  u_cpu_core/U3098/CO (FADDX1_LVT)                        0.13       4.62 f
  u_cpu_core/U3097/CO (FADDX1_LVT)                        0.13       4.74 f
  u_cpu_core/U3096/CO (FADDX1_LVT)                        0.13       4.87 f
  u_cpu_core/U3095/CO (FADDX1_LVT)                        0.13       5.00 f
  u_cpu_core/U3106/CO (FADDX1_LVT)                        0.13       5.13 f
  u_cpu_core/U3105/CO (FADDX1_LVT)                        0.13       5.26 f
  u_cpu_core/U1359/S (FADDX1_LVT)                         0.15       5.40 f
  u_cpu_core/U2431/Y (AOI22X1_LVT)                        0.16       5.56 r
  u_cpu_core/U2432/Y (AND2X1_LVT)                         0.06       5.62 r
  u_cpu_core/U2434/Y (AND2X1_LVT)                         0.06       5.68 r
  u_cpu_core/U482/Y (OA221X1_LVT)                         0.08       5.76 r
  u_cpu_core/U2520/Y (NAND4X0_LVT)                        0.07       5.83 f
  u_cpu_core/U4257/Y (INVX0_LVT)                          0.06       5.89 r
  u_cpu_core/U382/Y (NAND3X0_LVT)                         0.21       6.09 f
  u_cpu_core/U4657/Y (AO22X1_LVT)                         0.24       6.33 f
  u_cpu_core/R_reg[3][31]/D (DFFARX1_LVT)                 0.00       6.33 f
  data arrival time                                                  6.33

  clock fast_clk (rise edge)                              6.67       6.67
  clock network delay (ideal)                             0.00       6.67
  clock uncertainty                                      -0.13       6.53
  u_cpu_core/R_reg[3][31]/CLK (DFFARX1_LVT)               0.00       6.53 r
  library setup time                                     -0.10       6.43
  data required time                                                 6.43
  --------------------------------------------------------------------------
  data required time                                                 6.43
  data arrival time                                                 -6.33
  --------------------------------------------------------------------------
  slack (MET)                                                        0.10


  Startpoint: u_cpu_core/instruction_reg_reg[17]
              (rising edge-triggered flip-flop clocked by fast_clk)
  Endpoint: u_cpu_core/R_reg[2][31]
            (rising edge-triggered flip-flop clocked by fast_clk)
  Path Group: fast_clk
  Path Type: max

  Des/Clust/Port     Wire Load Model       Library
  ------------------------------------------------
  cpu_interface      70000                 saed32lvt_ss0p75v25c
  cpu_core_PROG_ADDR_WIDTH12_DATA_ADDR_WIDTH14_DATA_WIDTH32
                     35000                 saed32lvt_ss0p75v25c

  Point                                                   Incr       Path
  --------------------------------------------------------------------------
  clock fast_clk (rise edge)                              0.00       0.00
  clock network delay (ideal)                             0.00       0.00
  u_cpu_core/instruction_reg_reg[17]/CLK (DFFARX1_LVT)
                                                          0.00 #     0.00 r
  u_cpu_core/instruction_reg_reg[17]/Q (DFFARX1_LVT)      0.22       0.22 f
  u_cpu_core/U50/Y (AND4X1_LVT)                           0.14       0.36 f
  u_cpu_core/U97/Y (INVX0_LVT)                            0.08       0.44 r
  u_cpu_core/U98/Y (INVX0_LVT)                            0.07       0.50 f
  u_cpu_core/U1103/Y (AO22X1_LVT)                         0.13       0.63 f
  u_cpu_core/U1107/Y (NOR4X1_LVT)                         0.20       0.83 r
  u_cpu_core/U1108/Y (AND2X1_LVT)                         0.13       0.96 r
  u_cpu_core/U378/Y (INVX0_LVT)                           0.08       1.04 f
  u_cpu_core/U419/Y (INVX0_LVT)                           0.15       1.20 r
  u_cpu_core/U420/Y (INVX0_LVT)                           0.12       1.31 f
  u_cpu_core/U2994/C1 (HADDX1_LVT)                        0.14       1.45 f
  u_cpu_core/U3087/CO (FADDX1_LVT)                        0.12       1.57 f
  u_cpu_core/U3086/CO (FADDX1_LVT)                        0.12       1.69 f
  u_cpu_core/U3085/CO (FADDX1_LVT)                        0.12       1.82 f
  u_cpu_core/U3084/CO (FADDX1_LVT)                        0.13       1.94 f
  u_cpu_core/U3092/CO (FADDX1_LVT)                        0.13       2.07 f
  u_cpu_core/U3091/CO (FADDX1_LVT)                        0.13       2.19 f
  u_cpu_core/U3090/CO (FADDX1_LVT)                        0.13       2.32 f
  u_cpu_core/U3089/CO (FADDX1_LVT)                        0.12       2.44 f
  u_cpu_core/U3077/CO (FADDX1_LVT)                        0.12       2.57 f
  u_cpu_core/U3076/CO (FADDX1_LVT)                        0.12       2.69 f
  u_cpu_core/U3075/CO (FADDX1_LVT)                        0.13       2.83 f
  u_cpu_core/U3074/CO (FADDX1_LVT)                        0.12       2.95 f
  u_cpu_core/U3082/CO (FADDX1_LVT)                        0.12       3.07 f
  u_cpu_core/U3081/CO (FADDX1_LVT)                        0.13       3.20 f
  u_cpu_core/U3080/CO (FADDX1_LVT)                        0.12       3.32 f
  u_cpu_core/U3079/CO (FADDX1_LVT)                        0.12       3.45 f
  u_cpu_core/U3110/CO (FADDX1_LVT)                        0.13       3.57 f
  u_cpu_core/U3109/CO (FADDX1_LVT)                        0.13       3.70 f
  u_cpu_core/U3108/CO (FADDX1_LVT)                        0.13       3.83 f
  u_cpu_core/U3107/CO (FADDX1_LVT)                        0.13       3.97 f
  u_cpu_core/U3103/CO (FADDX1_LVT)                        0.13       4.10 f
  u_cpu_core/U3102/CO (FADDX1_LVT)                        0.13       4.23 f
  u_cpu_core/U3101/CO (FADDX1_LVT)                        0.13       4.36 f
  u_cpu_core/U3100/CO (FADDX1_LVT)                        0.13       4.49 f
  u_cpu_core/U3098/CO (FADDX1_LVT)                        0.13       4.62 f
  u_cpu_core/U3097/CO (FADDX1_LVT)                        0.13       4.74 f
  u_cpu_core/U3096/CO (FADDX1_LVT)                        0.13       4.87 f
  u_cpu_core/U3095/CO (FADDX1_LVT)                        0.13       5.00 f
  u_cpu_core/U3106/CO (FADDX1_LVT)                        0.13       5.13 f
  u_cpu_core/U3105/CO (FADDX1_LVT)                        0.13       5.26 f
  u_cpu_core/U1359/S (FADDX1_LVT)                         0.15       5.40 f
  u_cpu_core/U2431/Y (AOI22X1_LVT)                        0.16       5.56 r
  u_cpu_core/U2432/Y (AND2X1_LVT)                         0.06       5.62 r
  u_cpu_core/U2434/Y (AND2X1_LVT)                         0.06       5.68 r
  u_cpu_core/U482/Y (OA221X1_LVT)                         0.08       5.76 r
  u_cpu_core/U2520/Y (NAND4X0_LVT)                        0.07       5.83 f
  u_cpu_core/U4257/Y (INVX0_LVT)                          0.06       5.89 r
  u_cpu_core/U382/Y (NAND3X0_LVT)                         0.21       6.09 f
  u_cpu_core/U4689/Y (AO22X1_LVT)                         0.24       6.33 f
  u_cpu_core/R_reg[2][31]/D (DFFARX1_LVT)                 0.00       6.33 f
  data arrival time                                                  6.33

  clock fast_clk (rise edge)                              6.67       6.67
  clock network delay (ideal)                             0.00       6.67
  clock uncertainty                                      -0.13       6.53
  u_cpu_core/R_reg[2][31]/CLK (DFFARX1_LVT)               0.00       6.53 r
  library setup time                                     -0.10       6.43
  data required time                                                 6.43
  --------------------------------------------------------------------------
  data required time                                                 6.43
  data arrival time                                                 -6.33
  --------------------------------------------------------------------------
  slack (MET)                                                        0.10


  Startpoint: mem_rvalid (input port clocked by slow_clk)
  Endpoint: u_memory_controller/reg_resp_data_reg[0]
            (rising edge-triggered flip-flop clocked by slow_clk)
  Path Group: slow_clk
  Path Type: max

  Des/Clust/Port     Wire Load Model       Library
  ------------------------------------------------
  cpu_interface      70000                 saed32lvt_ss0p75v25c

  Point                                                   Incr       Path
  --------------------------------------------------------------------------
  clock slow_clk (rise edge)                              0.00       0.00
  clock network delay (ideal)                             0.00       0.00
  input external delay                                    7.14       7.14 f
  mem_rvalid (in)                                         0.00       7.14 f
  U775/Y (AND4X1_LVT)                                     0.16       7.30 f
  U757/Y (INVX2_LVT)                                      0.16       7.46 r
  U790/Y (INVX0_LVT)                                      0.14       7.60 f
  U1515/Y (AO22X1_LVT)                                    0.18       7.78 f
  u_memory_controller/reg_resp_data_reg[0]/D (DFFARX1_LVT)
                                                          0.00       7.78 f
  data arrival time                                                  7.78

  clock slow_clk (rise edge)                             14.29      14.29
  clock network delay (ideal)                             0.00      14.29
  clock uncertainty                                      -0.29      14.00
  u_memory_controller/reg_resp_data_reg[0]/CLK (DFFARX1_LVT)
                                                          0.00      14.00 r
  library setup time                                     -0.09      13.91
  data required time                                                13.91
  --------------------------------------------------------------------------
  data required time                                                13.91
  data arrival time                                                 -7.78
  --------------------------------------------------------------------------
  slack (MET)                                                        6.13


  Startpoint: mem_rvalid (input port clocked by slow_clk)
  Endpoint: u_memory_controller/reg_resp_data_reg[23]
            (rising edge-triggered flip-flop clocked by slow_clk)
  Path Group: slow_clk
  Path Type: max

  Des/Clust/Port     Wire Load Model       Library
  ------------------------------------------------
  cpu_interface      70000                 saed32lvt_ss0p75v25c

  Point                                                   Incr       Path
  --------------------------------------------------------------------------
  clock slow_clk (rise edge)                              0.00       0.00
  clock network delay (ideal)                             0.00       0.00
  input external delay                                    7.14       7.14 f
  mem_rvalid (in)                                         0.00       7.14 f
  U775/Y (AND4X1_LVT)                                     0.16       7.30 f
  U757/Y (INVX2_LVT)                                      0.16       7.46 r
  U790/Y (INVX0_LVT)                                      0.14       7.60 f
  U773/Y (AO22X1_LVT)                                     0.18       7.78 f
  u_memory_controller/reg_resp_data_reg[23]/D (DFFARX1_LVT)
                                                          0.00       7.78 f
  data arrival time                                                  7.78

  clock slow_clk (rise edge)                             14.29      14.29
  clock network delay (ideal)                             0.00      14.29
  clock uncertainty                                      -0.29      14.00
  u_memory_controller/reg_resp_data_reg[23]/CLK (DFFARX1_LVT)
                                                          0.00      14.00 r
  library setup time                                     -0.09      13.91
  data required time                                                13.91
  --------------------------------------------------------------------------
  data required time                                                13.91
  data arrival time                                                 -7.78
  --------------------------------------------------------------------------
  slack (MET)                                                        6.13


  Startpoint: mem_rvalid (input port clocked by slow_clk)
  Endpoint: u_memory_controller/reg_resp_data_reg[22]
            (rising edge-triggered flip-flop clocked by slow_clk)
  Path Group: slow_clk
  Path Type: max

  Des/Clust/Port     Wire Load Model       Library
  ------------------------------------------------
  cpu_interface      70000                 saed32lvt_ss0p75v25c

  Point                                                   Incr       Path
  --------------------------------------------------------------------------
  clock slow_clk (rise edge)                              0.00       0.00
  clock network delay (ideal)                             0.00       0.00
  input external delay                                    7.14       7.14 f
  mem_rvalid (in)                                         0.00       7.14 f
  U775/Y (AND4X1_LVT)                                     0.16       7.30 f
  U757/Y (INVX2_LVT)                                      0.16       7.46 r
  U790/Y (INVX0_LVT)                                      0.14       7.60 f
  U772/Y (AO22X1_LVT)                                     0.18       7.78 f
  u_memory_controller/reg_resp_data_reg[22]/D (DFFARX1_LVT)
                                                          0.00       7.78 f
  data arrival time                                                  7.78

  clock slow_clk (rise edge)                             14.29      14.29
  clock network delay (ideal)                             0.00      14.29
  clock uncertainty                                      -0.29      14.00
  u_memory_controller/reg_resp_data_reg[22]/CLK (DFFARX1_LVT)
                                                          0.00      14.00 r
  library setup time                                     -0.09      13.91
  data required time                                                13.91
  --------------------------------------------------------------------------
  data required time                                                13.91
  data arrival time                                                 -7.78
  --------------------------------------------------------------------------
  slack (MET)                                                        6.13


  Startpoint: mem_rvalid (input port clocked by slow_clk)
  Endpoint: u_memory_controller/reg_resp_data_reg[7]
            (rising edge-triggered flip-flop clocked by slow_clk)
  Path Group: slow_clk
  Path Type: max

  Des/Clust/Port     Wire Load Model       Library
  ------------------------------------------------
  cpu_interface      70000                 saed32lvt_ss0p75v25c

  Point                                                   Incr       Path
  --------------------------------------------------------------------------
  clock slow_clk (rise edge)                              0.00       0.00
  clock network delay (ideal)                             0.00       0.00
  input external delay                                    7.14       7.14 f
  mem_rvalid (in)                                         0.00       7.14 f
  U775/Y (AND4X1_LVT)                                     0.16       7.30 f
  U757/Y (INVX2_LVT)                                      0.16       7.46 r
  U790/Y (INVX0_LVT)                                      0.14       7.60 f
  U758/Y (AO22X1_LVT)                                     0.18       7.78 f
  u_memory_controller/reg_resp_data_reg[7]/D (DFFARX1_LVT)
                                                          0.00       7.78 f
  data arrival time                                                  7.78

  clock slow_clk (rise edge)                             14.29      14.29
  clock network delay (ideal)                             0.00      14.29
  clock uncertainty                                      -0.29      14.00
  u_memory_controller/reg_resp_data_reg[7]/CLK (DFFARX1_LVT)
                                                          0.00      14.00 r
  library setup time                                     -0.09      13.91
  data required time                                                13.91
  --------------------------------------------------------------------------
  data required time                                                13.91
  data arrival time                                                 -7.78
  --------------------------------------------------------------------------
  slack (MET)                                                        6.13


  Startpoint: mem_rvalid (input port clocked by slow_clk)
  Endpoint: u_memory_controller/reg_resp_data_reg[6]
            (rising edge-triggered flip-flop clocked by slow_clk)
  Path Group: slow_clk
  Path Type: max

  Des/Clust/Port     Wire Load Model       Library
  ------------------------------------------------
  cpu_interface      70000                 saed32lvt_ss0p75v25c

  Point                                                   Incr       Path
  --------------------------------------------------------------------------
  clock slow_clk (rise edge)                              0.00       0.00
  clock network delay (ideal)                             0.00       0.00
  input external delay                                    7.14       7.14 f
  mem_rvalid (in)                                         0.00       7.14 f
  U775/Y (AND4X1_LVT)                                     0.16       7.30 f
  U757/Y (INVX2_LVT)                                      0.16       7.46 r
  U790/Y (INVX0_LVT)                                      0.14       7.60 f
  U1524/Y (AO22X1_LVT)                                    0.18       7.78 f
  u_memory_controller/reg_resp_data_reg[6]/D (DFFARX1_LVT)
                                                          0.00       7.78 f
  data arrival time                                                  7.78

  clock slow_clk (rise edge)                             14.29      14.29
  clock network delay (ideal)                             0.00      14.29
  clock uncertainty                                      -0.29      14.00
  u_memory_controller/reg_resp_data_reg[6]/CLK (DFFARX1_LVT)
                                                          0.00      14.00 r
  library setup time                                     -0.09      13.91
  data required time                                                13.91
  --------------------------------------------------------------------------
  data required time                                                13.91
  data arrival time                                                 -7.78
  --------------------------------------------------------------------------
  slack (MET)                                                        6.13


  Startpoint: mem_rvalid (input port clocked by slow_clk)
  Endpoint: u_memory_controller/reg_resp_data_reg[5]
            (rising edge-triggered flip-flop clocked by slow_clk)
  Path Group: slow_clk
  Path Type: max

  Des/Clust/Port     Wire Load Model       Library
  ------------------------------------------------
  cpu_interface      70000                 saed32lvt_ss0p75v25c

  Point                                                   Incr       Path
  --------------------------------------------------------------------------
  clock slow_clk (rise edge)                              0.00       0.00
  clock network delay (ideal)                             0.00       0.00
  input external delay                                    7.14       7.14 f
  mem_rvalid (in)                                         0.00       7.14 f
  U775/Y (AND4X1_LVT)                                     0.16       7.30 f
  U757/Y (INVX2_LVT)                                      0.16       7.46 r
  U790/Y (INVX0_LVT)                                      0.14       7.60 f
  U1525/Y (AO22X1_LVT)                                    0.18       7.78 f
  u_memory_controller/reg_resp_data_reg[5]/D (DFFARX1_LVT)
                                                          0.00       7.78 f
  data arrival time                                                  7.78

  clock slow_clk (rise edge)                             14.29      14.29
  clock network delay (ideal)                             0.00      14.29
  clock uncertainty                                      -0.29      14.00
  u_memory_controller/reg_resp_data_reg[5]/CLK (DFFARX1_LVT)
                                                          0.00      14.00 r
  library setup time                                     -0.09      13.91
  data required time                                                13.91
  --------------------------------------------------------------------------
  data required time                                                13.91
  data arrival time                                                 -7.78
  --------------------------------------------------------------------------
  slack (MET)                                                        6.13


  Startpoint: mem_rvalid (input port clocked by slow_clk)
  Endpoint: u_memory_controller/reg_resp_data_reg[4]
            (rising edge-triggered flip-flop clocked by slow_clk)
  Path Group: slow_clk
  Path Type: max

  Des/Clust/Port     Wire Load Model       Library
  ------------------------------------------------
  cpu_interface      70000                 saed32lvt_ss0p75v25c

  Point                                                   Incr       Path
  --------------------------------------------------------------------------
  clock slow_clk (rise edge)                              0.00       0.00
  clock network delay (ideal)                             0.00       0.00
  input external delay                                    7.14       7.14 f
  mem_rvalid (in)                                         0.00       7.14 f
  U775/Y (AND4X1_LVT)                                     0.16       7.30 f
  U757/Y (INVX2_LVT)                                      0.16       7.46 r
  U790/Y (INVX0_LVT)                                      0.14       7.60 f
  U1526/Y (AO22X1_LVT)                                    0.18       7.78 f
  u_memory_controller/reg_resp_data_reg[4]/D (DFFARX1_LVT)
                                                          0.00       7.78 f
  data arrival time                                                  7.78

  clock slow_clk (rise edge)                             14.29      14.29
  clock network delay (ideal)                             0.00      14.29
  clock uncertainty                                      -0.29      14.00
  u_memory_controller/reg_resp_data_reg[4]/CLK (DFFARX1_LVT)
                                                          0.00      14.00 r
  library setup time                                     -0.09      13.91
  data required time                                                13.91
  --------------------------------------------------------------------------
  data required time                                                13.91
  data arrival time                                                 -7.78
  --------------------------------------------------------------------------
  slack (MET)                                                        6.13


  Startpoint: mem_rvalid (input port clocked by slow_clk)
  Endpoint: u_memory_controller/reg_resp_data_reg[3]
            (rising edge-triggered flip-flop clocked by slow_clk)
  Path Group: slow_clk
  Path Type: max

  Des/Clust/Port     Wire Load Model       Library
  ------------------------------------------------
  cpu_interface      70000                 saed32lvt_ss0p75v25c

  Point                                                   Incr       Path
  --------------------------------------------------------------------------
  clock slow_clk (rise edge)                              0.00       0.00
  clock network delay (ideal)                             0.00       0.00
  input external delay                                    7.14       7.14 f
  mem_rvalid (in)                                         0.00       7.14 f
  U775/Y (AND4X1_LVT)                                     0.16       7.30 f
  U757/Y (INVX2_LVT)                                      0.16       7.46 r
  U790/Y (INVX0_LVT)                                      0.14       7.60 f
  U1527/Y (AO22X1_LVT)                                    0.18       7.78 f
  u_memory_controller/reg_resp_data_reg[3]/D (DFFARX1_LVT)
                                                          0.00       7.78 f
  data arrival time                                                  7.78

  clock slow_clk (rise edge)                             14.29      14.29
  clock network delay (ideal)                             0.00      14.29
  clock uncertainty                                      -0.29      14.00
  u_memory_controller/reg_resp_data_reg[3]/CLK (DFFARX1_LVT)
                                                          0.00      14.00 r
  library setup time                                     -0.09      13.91
  data required time                                                13.91
  --------------------------------------------------------------------------
  data required time                                                13.91
  data arrival time                                                 -7.78
  --------------------------------------------------------------------------
  slack (MET)                                                        6.13


  Startpoint: mem_rvalid (input port clocked by slow_clk)
  Endpoint: u_memory_controller/reg_resp_data_reg[2]
            (rising edge-triggered flip-flop clocked by slow_clk)
  Path Group: slow_clk
  Path Type: max

  Des/Clust/Port     Wire Load Model       Library
  ------------------------------------------------
  cpu_interface      70000                 saed32lvt_ss0p75v25c

  Point                                                   Incr       Path
  --------------------------------------------------------------------------
  clock slow_clk (rise edge)                              0.00       0.00
  clock network delay (ideal)                             0.00       0.00
  input external delay                                    7.14       7.14 f
  mem_rvalid (in)                                         0.00       7.14 f
  U775/Y (AND4X1_LVT)                                     0.16       7.30 f
  U757/Y (INVX2_LVT)                                      0.16       7.46 r
  U790/Y (INVX0_LVT)                                      0.14       7.60 f
  U1528/Y (AO22X1_LVT)                                    0.18       7.78 f
  u_memory_controller/reg_resp_data_reg[2]/D (DFFARX1_LVT)
                                                          0.00       7.78 f
  data arrival time                                                  7.78

  clock slow_clk (rise edge)                             14.29      14.29
  clock network delay (ideal)                             0.00      14.29
  clock uncertainty                                      -0.29      14.00
  u_memory_controller/reg_resp_data_reg[2]/CLK (DFFARX1_LVT)
                                                          0.00      14.00 r
  library setup time                                     -0.09      13.91
  data required time                                                13.91
  --------------------------------------------------------------------------
  data required time                                                13.91
  data arrival time                                                 -7.78
  --------------------------------------------------------------------------
  slack (MET)                                                        6.13


  Startpoint: mem_rvalid (input port clocked by slow_clk)
  Endpoint: u_memory_controller/reg_resp_data_reg[1]
            (rising edge-triggered flip-flop clocked by slow_clk)
  Path Group: slow_clk
  Path Type: max

  Des/Clust/Port     Wire Load Model       Library
  ------------------------------------------------
  cpu_interface      70000                 saed32lvt_ss0p75v25c

  Point                                                   Incr       Path
  --------------------------------------------------------------------------
  clock slow_clk (rise edge)                              0.00       0.00
  clock network delay (ideal)                             0.00       0.00
  input external delay                                    7.14       7.14 f
  mem_rvalid (in)                                         0.00       7.14 f
  U775/Y (AND4X1_LVT)                                     0.16       7.30 f
  U757/Y (INVX2_LVT)                                      0.16       7.46 r
  U790/Y (INVX0_LVT)                                      0.14       7.60 f
  U1529/Y (AO22X1_LVT)                                    0.18       7.78 f
  u_memory_controller/reg_resp_data_reg[1]/D (DFFARX1_LVT)
                                                          0.00       7.78 f
  data arrival time                                                  7.78

  clock slow_clk (rise edge)                             14.29      14.29
  clock network delay (ideal)                             0.00      14.29
  clock uncertainty                                      -0.29      14.00
  u_memory_controller/reg_resp_data_reg[1]/CLK (DFFARX1_LVT)
                                                          0.00      14.00 r
  library setup time                                     -0.09      13.91
  data required time                                                13.91
  --------------------------------------------------------------------------
  data required time                                                13.91
  data arrival time                                                 -7.78
  --------------------------------------------------------------------------
  slack (MET)                                                        6.13


1
