 
****************************************
Report : qor
Design : cpu_interface
Version: S-2021.06-SP4
Date   : Wed Sep 30 11:19:56 2026
****************************************


  Timing Path Group 'fast_clk'
  -----------------------------------
  Levels of Logic:              47.00
  Critical Path Length:          6.33
  Critical Path Slack:           0.17
  Critical Path Clk Period:      6.67
  Total Negative Slack:          0.00
  No. of Violating Paths:        0.00
  Worst Hold Violation:          0.00
  Total Hold Violation:          0.00
  No. of Hold Violations:        0.00
  -----------------------------------

  Timing Path Group 'slow_clk'
  -----------------------------------
  Levels of Logic:               4.00
  Critical Path Length:          0.91
  Critical Path Slack:           6.02
  Critical Path Clk Period:     14.29
  Total Negative Slack:          0.00
  No. of Violating Paths:        0.00
  Worst Hold Violation:          0.00
  Total Hold Violation:          0.00
  No. of Hold Violations:        0.00
  -----------------------------------


  Cell Count
  -----------------------------------
  Hierarchical Cell Count:          2
  Hierarchical Port Count:        293
  Leaf Cell Count:              11199
  Buf/Inv Cell Count:             661
  Buf Cell Count:                  54
  Inv Cell Count:                 607
  CT Buf/Inv Cell Count:            0
  Combinational Cell Count:      8884
  Sequential Cell Count:         2315
  Macro Count:                      0
  -----------------------------------


  Area
  -----------------------------------
  Combinational Area:    22770.539916
  Noncombinational Area: 15715.757097
  Buf/Inv Area:            973.625662
  Total Buffer Area:           132.66
  Total Inverter Area:         840.96
  Macro/Black Box Area:      0.000000
  Net Area:              18031.263852
  -----------------------------------
  Cell Area:             38486.297013
  Design Area:           56517.560865


  Design Rules
  -----------------------------------
  Total Number of Nets:         11861
  Nets With Violations:             0
  Max Trans Violations:             0
  Max Cap Violations:               0
  -----------------------------------


  Hostname: feserver.mirafra.com

  Compile CPU Statistics
  -----------------------------------------
  Resource Sharing:                    5.75
  Logic Optimization:                  4.65
  Mapping Optimization:               21.56
  -----------------------------------------
  Overall Compile Time:               91.67
  Overall Compile Wall Clock Time:    95.25

  --------------------------------------------------------------------

  Design  WNS: 0.00  TNS: 0.00  Number of Violating Paths: 0


  Design (Hold)  WNS: 0.00  TNS: 0.00  Number of Violating Paths: 0

  --------------------------------------------------------------------


1
