****************************************
Report : constraint
	-all_violators
	-path slack_only
Design : cpu_interface
Version: S-2021.06-SP2
Date   : Wed Sep 30 12:09:55 2026
****************************************




   max_capacitance

                             Required        Actual
   Pin                      Capacitance    Capacitance       Slack
   -----------------------------------------------------------------
   u_cpu_core/U900/Y           32.00          38.97          -6.97  (VIOLATED)
   u_cpu_core/U262/Y           32.00          38.27          -6.27  (VIOLATED)
   U747/Y                      16.00          21.62          -5.62  (VIOLATED)
   U1219/Y                     16.00          20.01          -4.01  (VIOLATED)
   U1316/Y                     16.00          20.01          -4.01  (VIOLATED)
   u_cache/U55/Y               16.00          19.81          -3.81  (VIOLATED)
   u_cpu_core/U4060/Y          16.00          19.72          -3.72  (VIOLATED)
   u_cpu_core/U2544/Y          16.00          19.69          -3.69  (VIOLATED)
   u_cpu_core/U257/Y           16.00          19.69          -3.69  (VIOLATED)
   U1149/Y                     16.00          19.68          -3.68  (VIOLATED)
   u_cache/U1026/Y             16.00          19.54          -3.54  (VIOLATED)
   u_cache/U24/Y               16.00          19.54          -3.54  (VIOLATED)
   u_cache/U25/Y               16.00          19.54          -3.54  (VIOLATED)
   U1267/Y                     16.00          19.43          -3.43  (VIOLATED)
   u_cache/U32/Y               16.00          19.41          -3.41  (VIOLATED)
   u_cache/U43/Y               16.00          19.41          -3.41  (VIOLATED)
   u_cache/U279/Y              16.00          19.41          -3.41  (VIOLATED)
   u_cache/U27/Y               16.00          19.34          -3.34  (VIOLATED)
   u_cache/U266/Y              16.00          19.34          -3.34  (VIOLATED)
   u_cache/U31/Y               16.00          19.27          -3.27  (VIOLATED)
   u_cache/U30/Y               16.00          19.27          -3.27  (VIOLATED)
   u_cache/U4/Y                16.00          19.21          -3.21  (VIOLATED)
   u_cache/U5/Y                16.00          19.21          -3.21  (VIOLATED)
   u_cache/U6/Y                16.00          19.21          -3.21  (VIOLATED)
   u_cache/U7/Y                16.00          19.21          -3.21  (VIOLATED)
   u_cache/U8/Y                16.00          19.21          -3.21  (VIOLATED)
   u_cache/U9/Y                16.00          19.21          -3.21  (VIOLATED)
   u_cache/U10/Y               16.00          19.21          -3.21  (VIOLATED)
   u_cache/U11/Y               16.00          19.21          -3.21  (VIOLATED)
   u_cache/U12/Y               16.00          19.21          -3.21  (VIOLATED)
   u_cache/U13/Y               16.00          19.21          -3.21  (VIOLATED)
   u_cache/U14/Y               16.00          19.21          -3.21  (VIOLATED)
   u_cache/U15/Y               16.00          19.21          -3.21  (VIOLATED)
   u_cache/U16/Y               16.00          19.21          -3.21  (VIOLATED)
   u_cache/U17/Y               16.00          19.21          -3.21  (VIOLATED)
   u_cache/U18/Y               16.00          19.21          -3.21  (VIOLATED)
   u_cache/U998/Y              16.00          19.21          -3.21  (VIOLATED)
   u_cache/U2343/Y             16.00          19.21          -3.21  (VIOLATED)
   u_cache/U2425/Y             16.00          19.21          -3.21  (VIOLATED)
   u_cache/U2513/Y             16.00          19.21          -3.21  (VIOLATED)
   u_cache/U2692/Y             16.00          19.21          -3.21  (VIOLATED)
   u_cache/U2913/Y             16.00          19.21          -3.21  (VIOLATED)
   u_cache/U33/Y               16.00          19.20          -3.20  (VIOLATED)
   u_cache/U39/Y               16.00          19.20          -3.20  (VIOLATED)
   u_cache/U2309/Y             16.00          19.18          -3.18  (VIOLATED)
   u_cache/U2446/Y             16.00          19.18          -3.18  (VIOLATED)
   u_cache/U2479/Y             16.00          19.18          -3.18  (VIOLATED)
   u_cache/U2547/Y             16.00          19.18          -3.18  (VIOLATED)
   u_cache/U2592/Y             16.00          19.18          -3.18  (VIOLATED)
   u_cache/U2613/Y             16.00          19.18          -3.18  (VIOLATED)
   u_cache/U2658/Y             16.00          19.18          -3.18  (VIOLATED)
   u_cache/U2714/Y             16.00          19.18          -3.18  (VIOLATED)
   u_cache/U2759/Y             16.00          19.18          -3.18  (VIOLATED)
   u_cache/U2780/Y             16.00          19.18          -3.18  (VIOLATED)
   u_cache/U2813/Y             16.00          19.18          -3.18  (VIOLATED)
   u_cache/U2846/Y             16.00          19.18          -3.18  (VIOLATED)
   u_cache/U2879/Y             16.00          19.18          -3.18  (VIOLATED)
   u_cache/U2959/Y             16.00          19.18          -3.18  (VIOLATED)
   u_cache/U269/Y              16.00          19.00          -3.00  (VIOLATED)
   u_cache/U1037/Y             16.00          19.00          -3.00  (VIOLATED)
   u_cpu_core/U3486/Y          16.00          18.98          -2.98  (VIOLATED)
   u_cache/U287/Y              16.00          18.94          -2.94  (VIOLATED)
   u_cpu_core/U3480/Y          16.00          18.87          -2.87  (VIOLATED)
   u_cache/U52/Y               16.00          18.87          -2.87  (VIOLATED)
   u_cache/U251/Y              16.00          18.87          -2.87  (VIOLATED)
   U749/Y                      16.00          18.85          -2.85  (VIOLATED)
   u_cpu_core/U1223/Y          16.00          18.82          -2.82  (VIOLATED)
   U750/Y                      16.00          18.82          -2.82  (VIOLATED)
   u_cache/U38/Y               16.00          18.80          -2.80  (VIOLATED)
   u_cache/U56/Y               16.00          18.80          -2.80  (VIOLATED)
   u_cache/U286/Y              16.00          18.80          -2.80  (VIOLATED)
   u_cache/U20/Y               16.00          18.76          -2.76  (VIOLATED)
   u_cpu_core/U78/Y            16.00          18.76          -2.76  (VIOLATED)
   U801/Y                      16.00          18.75          -2.75  (VIOLATED)
   u_cpu_core/U3474/Y          16.00          18.74          -2.74  (VIOLATED)
   u_cache/U58/Y               16.00          18.67          -2.67  (VIOLATED)
   u_cpu_core/U851/Y           16.00          18.65          -2.65  (VIOLATED)
   u_cache/U130/Y              16.00          18.64          -2.64  (VIOLATED)
   u_cache/U275/Y              16.00          18.60          -2.60  (VIOLATED)
   u_cache/U289/Y              16.00          18.60          -2.60  (VIOLATED)
   u_cpu_core/U101/Y           16.00          18.60          -2.60  (VIOLATED)
   u_cpu_core/U274/Y           16.00          18.60          -2.60  (VIOLATED)
   u_cpu_core/U4045/Y          16.00          18.60          -2.60  (VIOLATED)
   u_cpu_core/U4048/Y          16.00          18.60          -2.60  (VIOLATED)
   u_cpu_core/U4054/Y          16.00          18.60          -2.60  (VIOLATED)
   u_cpu_core/U4059/Y          16.00          18.60          -2.60  (VIOLATED)
   u_cpu_core/U4079/Y          16.00          18.60          -2.60  (VIOLATED)
   u_cpu_core/U4081/Y          16.00          18.60          -2.60  (VIOLATED)
   u_cpu_core/U4083/Y          16.00          18.60          -2.60  (VIOLATED)
   u_cpu_core/U4085/Y          16.00          18.60          -2.60  (VIOLATED)
   u_cpu_core/U4090/Y          16.00          18.60          -2.60  (VIOLATED)
   u_cpu_core/U4092/Y          16.00          18.60          -2.60  (VIOLATED)
   u_cpu_core/U4094/Y          16.00          18.60          -2.60  (VIOLATED)
   u_cpu_core/U4096/Y          16.00          18.60          -2.60  (VIOLATED)
   u_cpu_core/U4099/Y          16.00          18.60          -2.60  (VIOLATED)
   u_cpu_core/U164/Y           16.00          18.60          -2.60  (VIOLATED)
   u_cache/U1029/Y             16.00          18.53          -2.53  (VIOLATED)
   U796/Y                      16.00          18.49          -2.49  (VIOLATED)
   U951/Y                      16.00          18.48          -2.48  (VIOLATED)
   u_cache/U45/Y               16.00          18.47          -2.47  (VIOLATED)
   u_cache/U258/Y              16.00          18.47          -2.47  (VIOLATED)
   u_cpu_core/U2484/Y          16.00          18.42          -2.42  (VIOLATED)
   u_cache/U34/Y               16.00          18.40          -2.40  (VIOLATED)
   u_cache/U50/Y               16.00          18.40          -2.40  (VIOLATED)
   u_cache/U1971/Y             16.00          18.36          -2.36  (VIOLATED)
   u_cache/U2042/Y             16.00          18.36          -2.36  (VIOLATED)
   u_cache/U2076/Y             16.00          18.36          -2.36  (VIOLATED)
   u_cache/U2143/Y             16.00          18.36          -2.36  (VIOLATED)
   u_cache/U2176/Y             16.00          18.36          -2.36  (VIOLATED)
   u_cache/U2209/Y             16.00          18.36          -2.36  (VIOLATED)
   u_cache/U2242/Y             16.00          18.36          -2.36  (VIOLATED)
   u_cpu_core/U3318/Y          16.00          18.34          -2.34  (VIOLATED)
   u_cache/U37/Y               16.00          18.33          -2.33  (VIOLATED)
   u_cache/U42/Y               16.00          18.33          -2.33  (VIOLATED)
   U751/Y                      16.00          18.27          -2.27  (VIOLATED)
   u_cache/U53/Y               16.00          18.26          -2.26  (VIOLATED)
   U758/Y                      16.00          18.25          -2.25  (VIOLATED)
   u_cache/U46/Y               16.00          18.20          -2.20  (VIOLATED)
   u_cache/U47/Y               16.00          18.20          -2.20  (VIOLATED)
   u_cache/U54/Y               16.00          18.20          -2.20  (VIOLATED)
   u_cpu_core/U426/Y           16.00          18.17          -2.17  (VIOLATED)
   u_cache/U22/Y               16.00          18.13          -2.13  (VIOLATED)
   u_cache/U1024/Y             16.00          18.13          -2.13  (VIOLATED)
   u_cpu_core/U216/Y            8.00          10.08          -2.08  (VIOLATED)
   U761/Y                       8.00          10.08          -2.08  (VIOLATED)
   u_cpu_core/U218/Y            8.00          10.04          -2.04  (VIOLATED)
   u_cpu_core/U1333/Y          16.00          18.03          -2.03  (VIOLATED)
   u_cpu_core/U947/Y           16.00          18.00          -2.00  (VIOLATED)
   u_cache/U40/Y               16.00          18.00          -2.00  (VIOLATED)
   u_cache/U44/Y               16.00          18.00          -2.00  (VIOLATED)
   u_cache/U48/Y               16.00          18.00          -2.00  (VIOLATED)
   u_cache/U57/Y               16.00          18.00          -2.00  (VIOLATED)
   u_cpu_core/U147/Y            8.00           9.99          -1.99  (VIOLATED)
   u_cpu_core/U148/Y            8.00           9.99          -1.99  (VIOLATED)
   u_cpu_core/U149/Y            8.00           9.99          -1.99  (VIOLATED)
   u_cpu_core/U3317/Y           8.00           9.98          -1.98  (VIOLATED)
   u_cpu_core/U3979/Y           8.00           9.98          -1.98  (VIOLATED)
   u_cpu_core/U4012/Y           8.00           9.98          -1.98  (VIOLATED)
   u_cpu_core/U3299/Y          16.00          17.96          -1.96  (VIOLATED)
   u_cpu_core/U421/Y           16.00          17.94          -1.94  (VIOLATED)
   U1159/Y                     16.00          17.93          -1.93  (VIOLATED)
   u_cache/U1940/Y              8.00           9.92          -1.92  (VIOLATED)
   u_cache/U1934/Y              8.00           9.92          -1.92  (VIOLATED)
   u_cpu_core/U637/Y           16.00          17.91          -1.91  (VIOLATED)
   u_cache/U88/Y                8.00           9.89          -1.89  (VIOLATED)
   u_cache/U91/Y                8.00           9.89          -1.89  (VIOLATED)
   u_cache/U92/Y                8.00           9.89          -1.89  (VIOLATED)
   u_cache/U94/Y                8.00           9.89          -1.89  (VIOLATED)
   u_cache/U95/Y                8.00           9.89          -1.89  (VIOLATED)
   u_cache/U99/Y                8.00           9.89          -1.89  (VIOLATED)
   u_cache/U101/Y               8.00           9.89          -1.89  (VIOLATED)
   U788/Y                       8.00           9.88          -1.88  (VIOLATED)
   U1458/Y                      8.00           9.88          -1.88  (VIOLATED)
   u_cpu_core/U1394/Y          16.00          17.88          -1.88  (VIOLATED)
   u_cache/U1042/Y             16.00          17.86          -1.86  (VIOLATED)
   U757/Y                       8.00           9.86          -1.86  (VIOLATED)
   U845/Y                       8.00           9.86          -1.86  (VIOLATED)
   u_cpu_core/U407/Y           16.00          17.80          -1.80  (VIOLATED)
   u_cache/U51/Y               16.00          17.79          -1.79  (VIOLATED)
   u_cpu_core/U245/Y           16.00          17.77          -1.77  (VIOLATED)
   u_cpu_core/U3980/Y          16.00          17.75          -1.75  (VIOLATED)
   u_cpu_core/U4013/Y          16.00          17.75          -1.75  (VIOLATED)
   u_cpu_core/U345/Y            8.00           9.75          -1.75  (VIOLATED)
   u_cache/U23/Y               16.00          17.73          -1.73  (VIOLATED)
   u_cache/U26/Y               16.00          17.73          -1.73  (VIOLATED)
   u_cache/U1015/Y             16.00          17.73          -1.73  (VIOLATED)
   U795/Y                       8.00           9.72          -1.72  (VIOLATED)
   u_cpu_core/U196/Y            8.00           9.69          -1.69  (VIOLATED)
   U1425/Y                     16.00          17.69          -1.69  (VIOLATED)
   u_cpu_core/U2475/Y           8.00           9.69          -1.69  (VIOLATED)
   u_cpu_core/U242/Y            8.00           9.69          -1.69  (VIOLATED)
   u_cpu_core/U243/Y            8.00           9.69          -1.69  (VIOLATED)
   u_cpu_core/U383/Y            8.00           9.69          -1.69  (VIOLATED)
   u_cpu_core/U248/Y            8.00           9.68          -1.68  (VIOLATED)
   u_cpu_core/U3305/Y           8.00           9.67          -1.67  (VIOLATED)
   u_cache/U264/Y              16.00          17.66          -1.66  (VIOLATED)
   u_cache/U292/Y              16.00          17.66          -1.66  (VIOLATED)
   u_cache/U1868/Y             16.00          17.66          -1.66  (VIOLATED)
   u_cache/U1870/Y             16.00          17.66          -1.66  (VIOLATED)
   u_cache/U1872/Y             16.00          17.66          -1.66  (VIOLATED)
   u_cache/U1874/Y             16.00          17.66          -1.66  (VIOLATED)
   u_cache/U1876/Y             16.00          17.66          -1.66  (VIOLATED)
   u_cache/U1878/Y             16.00          17.66          -1.66  (VIOLATED)
   u_cache/U1881/Y             16.00          17.66          -1.66  (VIOLATED)
   u_cache/U1883/Y             16.00          17.66          -1.66  (VIOLATED)
   u_cache/U1885/Y             16.00          17.66          -1.66  (VIOLATED)
   u_cache/U1887/Y             16.00          17.66          -1.66  (VIOLATED)
   u_cache/U1889/Y             16.00          17.66          -1.66  (VIOLATED)
   u_cache/U1891/Y             16.00          17.66          -1.66  (VIOLATED)
   u_cache/U1893/Y             16.00          17.66          -1.66  (VIOLATED)
   u_cache/U1895/Y             16.00          17.66          -1.66  (VIOLATED)
   u_cache/U1897/Y             16.00          17.66          -1.66  (VIOLATED)
   u_cache/U1899/Y             16.00          17.66          -1.66  (VIOLATED)
   u_cache/U1901/Y             16.00          17.66          -1.66  (VIOLATED)
   u_cache/U1903/Y             16.00          17.66          -1.66  (VIOLATED)
   u_cache/U1905/Y             16.00          17.66          -1.66  (VIOLATED)
   u_cache/U1907/Y             16.00          17.66          -1.66  (VIOLATED)
   u_cache/U1909/Y             16.00          17.66          -1.66  (VIOLATED)
   u_cache/U1911/Y             16.00          17.66          -1.66  (VIOLATED)
   u_cache/U1913/Y             16.00          17.66          -1.66  (VIOLATED)
   u_cache/U1915/Y             16.00          17.66          -1.66  (VIOLATED)
   u_cache/U1917/Y             16.00          17.66          -1.66  (VIOLATED)
   u_cache/U1919/Y             16.00          17.66          -1.66  (VIOLATED)
   u_cache/U1921/Y             16.00          17.66          -1.66  (VIOLATED)
   u_cache/U1923/Y             16.00          17.66          -1.66  (VIOLATED)
   u_cache/U1925/Y             16.00          17.66          -1.66  (VIOLATED)
   u_cache/U1927/Y             16.00          17.66          -1.66  (VIOLATED)
   u_cache/U1929/Y             16.00          17.66          -1.66  (VIOLATED)
   u_cache/U1931/Y             16.00          17.66          -1.66  (VIOLATED)
   u_cpu_core/U81/Y            32.00          33.66          -1.66  (VIOLATED)
   u_cpu_core/U2628/Y           8.00           9.65          -1.65  (VIOLATED)
   u_cpu_core/U255/Y            8.00           9.63          -1.63  (VIOLATED)
   u_cpu_core/U3475/Y           8.00           9.62          -1.62  (VIOLATED)
   u_cpu_core/U236/Y            8.00           9.62          -1.62  (VIOLATED)
   u_cpu_core/U3488/Y           8.00           9.61          -1.61  (VIOLATED)
   U759/Y                      16.00          17.61          -1.61  (VIOLATED)
   U1148/Y                      8.00           9.61          -1.61  (VIOLATED)
   u_cache/U1021/Y              8.00           9.61          -1.61  (VIOLATED)
   u_cpu_core/U198/Y            8.00           9.61          -1.61  (VIOLATED)
   u_cpu_core/U3465/Y           8.00           9.59          -1.59  (VIOLATED)
   u_cpu_core/U3477/Y           8.00           9.59          -1.59  (VIOLATED)
   u_cpu_core/U410/Y            8.00           9.58          -1.58  (VIOLATED)
   u_cpu_core/U146/Y            8.00           9.58          -1.58  (VIOLATED)
   U763/Y                       8.00           9.58          -1.58  (VIOLATED)
   u_cpu_core/U231/Y            8.00           9.58          -1.58  (VIOLATED)
   u_cpu_core/U514/Y           16.00          17.57          -1.57  (VIOLATED)
   u_cpu_core/U3351/Y           8.00           9.57          -1.57  (VIOLATED)
   u_cpu_core/U266/Y           32.00          33.57          -1.57  (VIOLATED)
   u_cpu_core/U150/Y            8.00           9.56          -1.56  (VIOLATED)
   u_cache/U997/Y               8.00           9.56          -1.56  (VIOLATED)
   u_cpu_core/U2501/Y           8.00           9.55          -1.55  (VIOLATED)
   u_cpu_core/U509/Y           16.00          17.53          -1.53  (VIOLATED)
   u_cpu_core/U3490/Y           8.00           9.52          -1.52  (VIOLATED)
   u_cpu_core/U142/Y            8.00           9.52          -1.52  (VIOLATED)
   u_cpu_core/U3468/Y           8.00           9.52          -1.52  (VIOLATED)
   u_cpu_core/U3467/Y           8.00           9.51          -1.51  (VIOLATED)
   u_cpu_core/U143/Y           16.00          17.51          -1.51  (VIOLATED)
   u_cpu_core/U256/Y            8.00           9.49          -1.49  (VIOLATED)
   u_cpu_core/U3482/Y           8.00           9.49          -1.49  (VIOLATED)
   u_cpu_core/instruction_reg_reg[24]/Q
                                8.00           9.48          -1.48  (VIOLATED)
   U1206/Y                      8.00           9.47          -1.47  (VIOLATED)
   U1303/Y                      8.00           9.47          -1.47  (VIOLATED)
   u_cache/U114/Y               8.00           9.47          -1.47  (VIOLATED)
   u_cache/U115/Y               8.00           9.47          -1.47  (VIOLATED)
   u_cache/U117/Y               8.00           9.47          -1.47  (VIOLATED)
   u_cache/U2007/Y              8.00           9.47          -1.47  (VIOLATED)
   u_cpu_core/U4074/Y           8.00           9.47          -1.47  (VIOLATED)
   u_cpu_core/U1325/Y          16.00          17.45          -1.45  (VIOLATED)
   u_cpu_core/U172/Y            8.00           9.45          -1.45  (VIOLATED)
   u_cpu_core/U1360/Y          16.00          17.43          -1.43  (VIOLATED)
   u_cpu_core/U3470/Y           8.00           9.43          -1.43  (VIOLATED)
   U789/Y                      16.00          17.41          -1.41  (VIOLATED)
   U1459/Y                     16.00          17.41          -1.41  (VIOLATED)
   u_cpu_core/U3498/Y           8.00           9.41          -1.41  (VIOLATED)
   u_cpu_core/U169/Y            8.00           9.40          -1.40  (VIOLATED)
   u_cpu_core/instruction_reg_reg[28]/Q
                                8.00           9.40          -1.40  (VIOLATED)
   u_cpu_core/U344/Y            8.00           9.37          -1.37  (VIOLATED)
   U1155/Y                      8.00           9.34          -1.34  (VIOLATED)
   u_cpu_core/U94/Y            16.00          17.34          -1.34  (VIOLATED)
   u_cpu_core/U3471/Y           8.00           9.32          -1.32  (VIOLATED)
   u_cache/U2006/Y              8.00           9.31          -1.31  (VIOLATED)
   u_cache/U1867/Y              8.00           9.31          -1.31  (VIOLATED)
   u_cache/U2109/Y              8.00           9.31          -1.31  (VIOLATED)
   u_cache/U2275/Y              8.00           9.31          -1.31  (VIOLATED)
   u_cpu_core/U230/Y            8.00           9.31          -1.31  (VIOLATED)
   u_cpu_core/U3484/Y           8.00           9.29          -1.29  (VIOLATED)
   u_cpu_core/U1324/Y          16.00          17.29          -1.29  (VIOLATED)
   U791/Y                       8.00           9.28          -1.28  (VIOLATED)
   u_cpu_core/U3507/Y           8.00           9.26          -1.26  (VIOLATED)
   u_cpu_core/U99/Y            16.00          17.25          -1.25  (VIOLATED)
   u_cpu_core/U361/Y            8.00           9.24          -1.24  (VIOLATED)
   u_cpu_core/U237/Y            8.00           9.22          -1.22  (VIOLATED)
   u_cpu_core/U95/Y             8.00           9.22          -1.22  (VIOLATED)
   U938/Y                       8.00           9.21          -1.21  (VIOLATED)
   u_cache/U116/Y               8.00           9.18          -1.18  (VIOLATED)
   u_cpu_core/U219/Y           16.00          17.18          -1.18  (VIOLATED)
   u_cpu_core/U672/Y            8.00           9.17          -1.17  (VIOLATED)
   u_cpu_core/U446/Y            8.00           9.17          -1.17  (VIOLATED)
   u_cpu_core/U419/Y            8.00           9.15          -1.15  (VIOLATED)
   U940/Y                       8.00           9.15          -1.15  (VIOLATED)
   u_cpu_core/U417/Y            8.00           9.13          -1.13  (VIOLATED)
   u_cpu_core/U174/Y            8.00           9.13          -1.13  (VIOLATED)
   u_cpu_core/U211/Y            8.00           9.13          -1.13  (VIOLATED)
   u_cache/U87/Y                8.00           9.10          -1.10  (VIOLATED)
   u_cache/U89/Y                8.00           9.10          -1.10  (VIOLATED)
   u_cache/U96/Y                8.00           9.10          -1.10  (VIOLATED)
   u_cache/U100/Y               8.00           9.10          -1.10  (VIOLATED)
   u_cpu_core/U296/Y            8.00           9.10          -1.10  (VIOLATED)
   u_cpu_core/U1096/Y           8.00           9.10          -1.10  (VIOLATED)
   u_cpu_core/U423/Y            8.00           9.09          -1.09  (VIOLATED)
   u_cpu_core/U370/Y            8.00           9.08          -1.08  (VIOLATED)
   u_cpu_core/U450/Y           16.00          17.06          -1.06  (VIOLATED)
   u_cpu_core/U1008/Y           8.00           9.05          -1.05  (VIOLATED)
   u_cpu_core/U360/Y            8.00           9.03          -1.03  (VIOLATED)
   u_cpu_core/U228/Y            8.00           9.03          -1.03  (VIOLATED)
   u_cache/U272/Y               8.00           8.98          -0.98  (VIOLATED)
   u_cache/U1038/Y              8.00           8.98          -0.98  (VIOLATED)
   u_cache/U1046/Y              8.00           8.98          -0.98  (VIOLATED)
   u_cpu_core/U413/Y            8.00           8.98          -0.98  (VIOLATED)
   U798/Y                       8.00           8.97          -0.97  (VIOLATED)
   u_cpu_core/U3150/Y           8.00           8.94          -0.94  (VIOLATED)
   u_cache/U283/Y               8.00           8.92          -0.92  (VIOLATED)
   u_cpu_core/U1074/Y           8.00           8.89          -0.89  (VIOLATED)
   u_cpu_core/U222/Y            8.00           8.88          -0.88  (VIOLATED)
   U939/Y                       8.00           8.85          -0.85  (VIOLATED)
   u_cache/U261/Y               8.00           8.85          -0.85  (VIOLATED)
   u_cache/U113/Y               8.00           8.84          -0.84  (VIOLATED)
   u_cache/U137/Y               8.00           8.82          -0.82  (VIOLATED)
   u_cpu_core/U4035/Y           8.00           8.82          -0.82  (VIOLATED)
   u_cpu_core/U625/Y            8.00           8.81          -0.81  (VIOLATED)
   u_cache/U140/Y               8.00           8.78          -0.78  (VIOLATED)
   u_cpu_core/U294/Y            8.00           8.76          -0.76  (VIOLATED)
   u_cpu_core/U371/Y            8.00           8.75          -0.75  (VIOLATED)
   u_cpu_core/U455/Y           16.00          16.72          -0.72  (VIOLATED)
   u_cpu_core/U372/Y            8.00           8.72          -0.72  (VIOLATED)
   u_cpu_core/U445/Y            8.00           8.71          -0.71  (VIOLATED)
   u_cache/U2356/Y             16.00          16.70          -0.70  (VIOLATED)
   u_cache/U2526/Y             16.00          16.70          -0.70  (VIOLATED)
   u_cache/U2926/Y             16.00          16.70          -0.70  (VIOLATED)
   u_cpu_core/U204/Y            8.00           8.70          -0.70  (VIOLATED)
   u_cpu_core/U200/Y            8.00           8.69          -0.69  (VIOLATED)
   u_cpu_core/U272/Y            8.00           8.69          -0.69  (VIOLATED)
   U1156/Y                     16.00          16.68          -0.68  (VIOLATED)
   u_cpu_core/U1355/Y          16.00          16.67          -0.67  (VIOLATED)
   u_cpu_core/U403/Y            8.00           8.67          -0.67  (VIOLATED)
   U756/Y                       8.00           8.67          -0.67  (VIOLATED)
   u_cache/U254/Y               8.00           8.65          -0.65  (VIOLATED)
   u_cache/U276/Y               8.00           8.65          -0.65  (VIOLATED)
   u_cache/U1018/Y              8.00           8.65          -0.65  (VIOLATED)
   u_cpu_core/U203/Y            8.00           8.64          -0.64  (VIOLATED)
   u_cache/U120/Y               8.00           8.62          -0.62  (VIOLATED)
   u_cpu_core/U93/Y            16.00          16.61          -0.61  (VIOLATED)
   u_cpu_core/U1331/Y          16.00          16.61          -0.61  (VIOLATED)
   u_cache/U1032/Y              8.00           8.58          -0.58  (VIOLATED)
   U968/Y                      16.00          16.55          -0.55  (VIOLATED)
   u_cache/U1948/Y              8.00           8.54          -0.54  (VIOLATED)
   u_cpu_core/U205/Y            8.00           8.53          -0.53  (VIOLATED)
   u_cpu_core/U405/Y            8.00           8.48          -0.48  (VIOLATED)
   u_cpu_core/U207/Y            8.00           8.46          -0.46  (VIOLATED)
   u_cpu_core/U1052/Y           8.00           8.41          -0.41  (VIOLATED)
   u_cpu_core/U82/Y            16.00          16.38          -0.38  (VIOLATED)
   U851/Y                       8.00           8.38          -0.38  (VIOLATED)
   u_cache/U112/Y               8.00           8.35          -0.35  (VIOLATED)
   u_cpu_core/U3502/Y           8.00           8.35          -0.35  (VIOLATED)
   u_cpu_core/U241/Y            8.00           8.34          -0.34  (VIOLATED)
   u_cpu_core/U3994/Y           8.00           8.34          -0.34  (VIOLATED)
   u_cpu_core/U4077/Y           8.00           8.34          -0.34  (VIOLATED)
   u_cpu_core/U4115/Y           8.00           8.34          -0.34  (VIOLATED)
   u_cpu_core/U4141/Y           8.00           8.34          -0.34  (VIOLATED)
   u_cpu_core/U4171/Y           8.00           8.34          -0.34  (VIOLATED)
   u_cpu_core/U4200/Y           8.00           8.34          -0.34  (VIOLATED)
   u_cpu_core/U4229/Y           8.00           8.34          -0.34  (VIOLATED)
   u_cpu_core/U4259/Y           8.00           8.34          -0.34  (VIOLATED)
   u_cpu_core/U4288/Y           8.00           8.34          -0.34  (VIOLATED)
   u_cpu_core/U4318/Y           8.00           8.34          -0.34  (VIOLATED)
   u_cpu_core/U4347/Y           8.00           8.34          -0.34  (VIOLATED)
   u_cpu_core/U4377/Y           8.00           8.34          -0.34  (VIOLATED)
   u_cpu_core/U4411/Y           8.00           8.34          -0.34  (VIOLATED)
   u_cpu_core/U4440/Y           8.00           8.34          -0.34  (VIOLATED)
   u_cpu_core/U4469/Y           8.00           8.34          -0.34  (VIOLATED)
   u_cpu_core/U4498/Y           8.00           8.34          -0.34  (VIOLATED)
   u_cpu_core/U4528/Y           8.00           8.34          -0.34  (VIOLATED)
   u_cpu_core/U4555/Y           8.00           8.34          -0.34  (VIOLATED)
   u_cpu_core/U4584/Y           8.00           8.34          -0.34  (VIOLATED)
   u_cpu_core/U4614/Y           8.00           8.34          -0.34  (VIOLATED)
   u_cpu_core/U4646/Y           8.00           8.34          -0.34  (VIOLATED)
   u_cpu_core/U4676/Y           8.00           8.34          -0.34  (VIOLATED)
   u_cpu_core/U4702/Y           8.00           8.34          -0.34  (VIOLATED)
   u_cpu_core/U4729/Y           8.00           8.34          -0.34  (VIOLATED)
   u_cpu_core/U4756/Y           8.00           8.34          -0.34  (VIOLATED)
   u_cpu_core/U4783/Y           8.00           8.34          -0.34  (VIOLATED)
   u_cpu_core/U4809/Y           8.00           8.34          -0.34  (VIOLATED)
   u_cpu_core/U4839/Y           8.00           8.34          -0.34  (VIOLATED)
   u_cpu_core/U4869/Y           8.00           8.34          -0.34  (VIOLATED)
   u_cpu_core/U4898/Y           8.00           8.34          -0.34  (VIOLATED)
   u_cpu_core/U4926/Y           8.00           8.34          -0.34  (VIOLATED)
   u_cpu_core/U1030/Y           8.00           8.34          -0.34  (VIOLATED)
   u_cpu_core/U2504/Y           8.00           8.25          -0.25  (VIOLATED)
   u_cpu_core/U3996/Y           8.00           8.24          -0.24  (VIOLATED)
   u_cpu_core/U4010/Y           8.00           8.24          -0.24  (VIOLATED)
   u_cpu_core/U4024/Y           8.00           8.24          -0.24  (VIOLATED)
   U1358/Y                      8.00           8.17          -0.17  (VIOLATED)
   u_cache/U122/Y               8.00           8.17          -0.17  (VIOLATED)
   u_cpu_core/U235/Y            8.00           8.15          -0.15  (VIOLATED)
   u_cpu_core/U2723/Y           8.00           8.09          -0.09  (VIOLATED)
   u_cpu_core/U1361/Y          16.00          16.06          -0.06  (VIOLATED)
   u_cpu_core/U292/Y            8.00           8.05          -0.05  (VIOLATED)
   u_cpu_core/U1118/Y           8.00           8.04          -0.04  (VIOLATED)
   u_cpu_core/U1321/Y          16.00          16.04          -0.04  (VIOLATED)
   u_cpu_core/U250/Y            8.00           8.01          -0.01  (VIOLATED)


1
