****************************************
Report : analysis_coverage
Design : cpu_interface
Version: S-2021.06-SP2
Date   : Fri Sep 25 11:55:25 2026
****************************************

Type of Check         Total              Met         Violated         Untested
--------------------------------------------------------------------------------
setup                  2281      2269 ( 99%)         0 (  0%)        12 (  1%)
hold                   2281      2269 ( 99%)         0 (  0%)        12 (  1%)
recovery                790         0 (  0%)         0 (  0%)       790 (100%)
removal                 790         0 (  0%)         0 (  0%)       790 (100%)
min_pulse_width        5352      4562 ( 85%)         0 (  0%)       790 ( 15%)
out_setup                60        60 (100%)         0 (  0%)         0 (  0%)
out_hold                 60        60 (100%)         0 (  0%)         0 (  0%)
--------------------------------------------------------------------------------
All Checks            11614      9220 ( 79%)         0 (  0%)      2394 ( 21%)

1
