
################################################################################
#
# This file has been generated by SpyGlass:
#     Report Name      : waiver
#     Report Created by: joshua
#     Report Created on:  Thu Sep 24 16:44:02 2026
#     Working Directory: /fetools/work_area/frontend/b11_rtl/joshua/CPU_Lite/src
#     SpyGlass Version : SpyGlass_vS-2021.09-SP1
#     Policy Name      : SpyGlass(SpyGlass_vS-2021.09-SP1)
#                        clock-reset(SpyGlass_vS-2021.09-SP1)
#
#     Total Number of Generated Messages :         42
#     Number of Waived Messages          :          6
#     Number of Reported Messages        :         36
#     Number of Overlimit Messages       :          0
#
#     Total Number of Waivers                            :          3
#     Number of Waivers Applied                          :          3
#     Number of Waivers with Regex and/or wildcard       :          0
#     Number of Waivers with -rule                       :          3
#     Number of Waivers with line number and/or file info:          0
#     Number of Waive -IP commands                       :          0
#
#
################################################################################

WAIVER REPORT:
+++++++++++++++++++++++++++++++++++++++++++++++++++++++++++++++++++++++++++++++

Design Issues Waiver Report
+++++++++++++++++++++++++++++++++++++++++++++++++++++++++++++++++++++++++++++++

Waiver comment : Created by joshua on 24-Sep-2026 16:51:39
waive -rule "Ac_conv01" 
#spg_backref : "./spyglass-2/cdc/cdc_verify/spyglass-2_waiver_file.awl" 1

2 message(s) waived:
===============================================================================
Index    Rule      Severity File                Line Wt Message
===============================================================================
[5A]     Ac_conv01 Warning  cache.v             159  2  6 synchronizers (cpu_interface.u_request_fifo.sync_r.q[0][2:0],cpu_interface.u_response_fifo.sync_w.q[0][2:0]) converge on MUX 'cpu_interface.cache_resp_en'
[5D]     Ac_conv01 Warning  memory_controller.v 81   2  6 synchronizers (cpu_interface.u_request_fifo.sync_w.q[0][2:0],cpu_interface.u_response_fifo.sync_r.q[0][2:0]) converge on MUX 'cpu_interface.u_memory_controller.next_state[2]'
===============================================================================

Waiver comment : Created by joshua on 24-Sep-2026 16:51:39
waive -rule "Ac_datahold01a" 
#spg_backref : "./spyglass-2/cdc/cdc_verify/spyglass-2_waiver_file.awl" 2

2 message(s) waived:
===============================================================================
Index    Rule           Severity File             Line Wt Message
===============================================================================
[60]     Ac_datahold01a Warning  async_fifo/mem.v 37   2  Synchronized crossing: destination flop 'cpu_interface.u_response_fifo.m1.r_data[31:0]', clocked by 'cpu_interface.fast_clk', source flop 'cpu_interface.u_response_fifo.m1.mem[3:0][31:0]', clocked by 'cpu_interface.slow_clk'. Data-enable sequencing check: Partially-Proved
[61]     Ac_datahold01a Warning  async_fifo/mem.v 37   2  Synchronized crossing: destination flop 'cpu_interface.u_request_fifo.m1.r_data[46:0]', clocked by 'cpu_interface.slow_clk', source flop 'cpu_interface.u_request_fifo.m1.mem[3:0][46:0]', clocked by 'cpu_interface.fast_clk'. Data-enable sequencing check: Partially-Proved
===============================================================================

Waiver comment : Created by joshua on 24-Sep-2026 16:51:39 CDC Async FIFO Partially Proven Warnings
waive -rule "Reset_sync04" 
#spg_backref : "./spyglass-2/cdc/cdc_verify/spyglass-2_waiver_file.awl" 4

2 message(s) waived:
===============================================================================
Index    Rule         Severity File                    Line Wt Message
===============================================================================
[21]     Reset_sync04 Warning  async_fifo/sync_multi.v 22   10 Asynchronous reset signal 'cpu_interface.fast_rst_n' is synchronized at least twice (at 'cpu_interface.u_request_fifo.sync_r.q[0][1]' and 'cpu_interface.u_request_fifo.sync_r.q[0][0]') relative to clock signal 'cpu_interface.fast_clk'
[22]     Reset_sync04 Warning  async_fifo/sync_multi.v 22   10 Asynchronous reset signal 'cpu_interface.slow_rst_n' is synchronized at least twice (at 'cpu_interface.u_request_fifo.sync_w.q[0][1]' and 'cpu_interface.u_request_fifo.sync_w.q[0][0]') relative to clock signal 'cpu_interface.slow_clk'
===============================================================================

